2025-08-16 02:30:50,573 - INFO - 35308 - Starting BOT
2025-08-16 02:30:50,577 - INFO - 35308 - expiry To Trade is = 20250815
2025-08-16 02:30:50,577 - INFO - 35308 - expiry To Trade is = 20250816
2025-08-16 02:30:50,580 - INFO - 35308 - 
 trade_time_dict is = {'QQQ_CALL': datetime.datetime(2025, 8, 16, 2, 30, 50, 580739), 'QQQ_PUT': datetime.datetime(2025, 8, 16, 2, 30, 50, 580739), 'SPY_CALL': datetime.datetime(2025, 8, 16, 2, 30, 50, 580739), 'SPY_PUT': datetime.datetime(2025, 8, 16, 2, 30, 50, 580739), 'SPX_CALL': datetime.datetime(2025, 8, 16, 2, 30, 50, 580739), 'SPX_PUT': datetime.datetime(2025, 8, 16, 2, 30, 50, 580739)}

2025-08-16 02:30:50,583 - INFO - 35308 - Signal Dict is = {'QQQ': {'last_signal': '', 'current_signal': '', 'last_trade_short_strike': '', 'last_trade_buy_strike': '', 'right': '', 'conIdDetails_short': '', 'conIdDetails_buy': ''}, 'SPY': {'last_signal': '', 'current_signal': '', 'last_trade_short_strike': '', 'last_trade_buy_strike': '', 'right': '', 'conIdDetails_short': '', 'conIdDetails_buy': ''}, 'SPX': {'last_signal': '', 'current_signal': '', 'last_trade_short_strike': '', 'last_trade_buy_strike': '', 'right': '', 'conIdDetails_short': '', 'conIdDetails_buy': ''}}
2025-08-16 02:30:50,584 - INFO - 30792 - starting handle orders queue
2025-08-16 02:30:50,604 - INFO - 30792 - get all option orders
2025-08-16 02:30:50,607 - INFO - 30792 - OptionOrder(id=21919, conId=None, symbol='GOOG', expiration='20250815', strike=202.5, right='CALL', order_type='LMT', order_side='BUY', order_qty=1, order_price=2.31, order_status='cancelled', executed_qty=0, average_price=0.0, profit_price=2.61, stoploss_price=2.04, profit_trigger=0, current_profit_price=2.61, profit_increment=0.03, contract=None, exit_placed=0, exit_order=0, active=1, ref_order_id=None)
2025-08-16 02:30:50,607 - INFO - 30792 - OptionOrder(id=21920, conId=None, symbol='NVDA', expiration='20250815', strike=185.0, right='CALL', order_type='MKT', order_side='BUY', order_qty=1, order_price=1.81, order_status='filled', executed_qty=1, average_price=1.98, profit_price=2.22, stoploss_price=1.45, profit_trigger=0, current_profit_price=2.22, profit_increment=0.03, contract=None, exit_placed=0, exit_order=0, active=1, ref_order_id=None)
2025-08-16 02:30:50,608 - INFO - 30792 - OptionOrder(id=21921, conId=None, symbol='AMD', expiration='20250815', strike=177.5, right='CALL', order_type='LMT', order_side='BUY', order_qty=1, order_price=3.25, order_status='cancelled', executed_qty=0, average_price=0.0, profit_price=3.66, stoploss_price=2.43, profit_trigger=0, current_profit_price=3.66, profit_increment=0.03, contract=None, exit_placed=0, exit_order=0, active=1, ref_order_id=None)
2025-08-16 02:30:50,608 - INFO - 30792 - OptionOrder(id=21922, conId=None, symbol='MSFT', expiration='20250815', strike=527.5, right='CALL', order_type='LMT', order_side='BUY', order_qty=1, order_price=2.68, order_status='cancelled', executed_qty=0, average_price=0.0, profit_price=2.97, stoploss_price=2.1, profit_trigger=0, current_profit_price=2.97, profit_increment=0.03, contract=None, exit_placed=0, exit_order=0, active=1, ref_order_id=None)
2025-08-16 02:30:50,609 - INFO - 30792 - OptionOrder(id=21923, conId=None, symbol='UPST', expiration='20250815', strike=65.0, right='PUT', order_type='LMT', order_side='BUY', order_qty=1, order_price=1.95, order_status='cancelled', executed_qty=0, average_price=0.0, profit_price=2.33, stoploss_price=1.18, profit_trigger=0, current_profit_price=2.33, profit_increment=0.03, contract=None, exit_placed=0, exit_order=0, active=1, ref_order_id=None)
2025-08-16 02:30:50,756 - INFO - 35308 - TWS connected.
2025-08-16 02:30:51,262 - INFO - 28632 - setting nextValidOrderId: 203
2025-08-16 02:30:51,263 - INFO - 35308 - Checking timeCheckAndCloseProgram
2025-08-16 02:30:51,263 - INFO - 28632 - NextValidId: 203
2025-08-16 02:30:51,264 - INFO - 35308 - get_PNL for account : DU5690365
2025-08-16 02:30:51,264 - INFO - 35308 - PNL Data for account : {}
2025-08-16 02:30:51,265 - INFO - 35308 - Account DU5690365 PNL is 0.0
2025-08-16 02:30:51,265 - INFO - 35308 - timeCheckAndCloseProgram:=>> Market Time is = 02-30 <=1545. Keep Going Trade
2025-08-16 02:30:51,266 - INFO - 35308 - Accoun Current: $0.0 SL: -$250.0 TP: $300.0...
2025-08-16 02:30:51,266 - INFO - 35308 - Request Open Orders
2025-08-16 02:30:51,267 - INFO - 35308 - Request Positions
2025-08-16 02:30:51,270 - INFO - 35308 - Request PnL
2025-08-16 02:30:51,274 - INFO - 28632 - managed accounts: U6987141
2025-08-16 02:30:51,276 - ERROR - 28632 - Id: -1, Code: 2104, Msg: Market data farm connection is OK:cashfarm
2025-08-16 02:30:51,278 - ERROR - 28632 - Id: -1, Code: 2104, Msg: Market data farm connection is OK:uscrypto
2025-08-16 02:30:51,279 - ERROR - 28632 - Id: -1, Code: 2104, Msg: Market data farm connection is OK:usfuture
2025-08-16 02:30:51,281 - ERROR - 28632 - Id: -1, Code: 2104, Msg: Market data farm connection is OK:usfarm.nj
2025-08-16 02:30:51,281 - ERROR - 28632 - Id: -1, Code: 2104, Msg: Market data farm connection is OK:usfarm
2025-08-16 02:30:51,282 - ERROR - 28632 - Id: -1, Code: 2104, Msg: Market data farm connection is OK:usopt
2025-08-16 02:30:51,284 - ERROR - 28632 - Id: -1, Code: 2106, Msg: HMDS data farm connection is OK:euhmds
2025-08-16 02:30:51,284 - ERROR - 28632 - Id: -1, Code: 2106, Msg: HMDS data farm connection is OK:cashhmds
2025-08-16 02:30:51,285 - ERROR - 28632 - Id: -1, Code: 2106, Msg: HMDS data farm connection is OK:fundfarm
2025-08-16 02:30:51,285 - ERROR - 28632 - Id: -1, Code: 2106, Msg: HMDS data farm connection is OK:ushmds
2025-08-16 02:30:51,285 - ERROR - 28632 - Id: -1, Code: 2158, Msg: Sec-def data farm connection is OK:secdefnj
2025-08-16 02:30:51,286 - INFO - 28632 - openOrderEnd
2025-08-16 02:30:51,376 - INFO - 28632 - positionEnd
2025-08-16 02:30:51,493 - ERROR - 28632 - Id: 10001, Code: 321, Msg: Error validating request.-'cj' : cause - Invalid account code
2025-08-16 02:30:54,782 - INFO - 35308 - Subscribing contract 320227571,QQQ,STK,,0.0,,,SMART,ISLAND,USD,QQQ,NMS,False,,combo: ticker_id 4
2025-08-16 02:30:54,784 - INFO - 35308 - Subscribing contract 756733,SPY,STK,,0.0,,,SMART,ARCA,USD,SPY,SPY,False,,combo: ticker_id 6
2025-08-16 02:30:54,787 - INFO - 35308 - Subscribing contract 416904,SPX,IND,,0.0,,,CBOE,,USD,SPX,,False,,combo: ticker_id 8
2025-08-16 02:30:55,276 - ERROR - 28632 - Id: 5, Code: 2176, Msg: Warning: Your API version does not support fractional share size rules. Please upgrade to a minimum version 163. Trimmed value 22.22 to 22
2025-08-16 02:30:55,464 - ERROR - 28632 - Id: 7, Code: 2176, Msg: Warning: Your API version does not support fractional share size rules. Please upgrade to a minimum version 163. Trimmed value 241.53 to 241
2025-08-16 02:30:57,789 - INFO - 35308 - QQQ get strikes.
2025-08-16 02:30:59,794 - INFO - 35308 - SPY get strikes.
2025-08-16 02:31:01,802 - INFO - 35308 - SPX get strikes.
2025-08-16 02:31:02,809 - INFO - 35308 - QQQ UNDERLYING PRICE IS = -1
2025-08-16 02:31:02,812 - INFO - 35308 - Subscribing contract 0,QQQ,OPT,20250816,0,C,100,SMART,,USD,,,False,,combo: ticker_id 13
2025-08-16 02:31:02,814 - INFO - 35308 - Subscribing contract 0,QQQ,OPT,20250816,0,P,100,SMART,,USD,,,False,,combo: ticker_id 14
2025-08-16 02:31:02,818 - INFO - 35308 - Subscribing contract 0,QQQ,OPT,20250816,0,C,100,SMART,,USD,,,False,,combo: ticker_id 13
2025-08-16 02:31:02,820 - INFO - 35308 - Subscribing contract 0,QQQ,OPT,20250816,0,P,100,SMART,,USD,,,False,,combo: ticker_id 14
2025-08-16 02:31:02,828 - INFO - 35308 - Subscribing contract 0,QQQ,OPT,20250816,0,C,100,SMART,,USD,,,False,,combo: ticker_id 13
2025-08-16 02:31:02,831 - INFO - 35308 - Subscribing contract 0,QQQ,OPT,20250816,0,P,100,SMART,,USD,,,False,,combo: ticker_id 14
2025-08-16 02:31:02,833 - INFO - 35308 - Subscribing contract 0,QQQ,OPT,20250816,0,C,100,SMART,,USD,,,False,,combo: ticker_id 13
2025-08-16 02:31:02,833 - INFO - 35308 - Subscribing contract 0,QQQ,OPT,20250816,0,P,100,SMART,,USD,,,False,,combo: ticker_id 14
2025-08-16 02:31:02,834 - INFO - 35308 - Subscribing contract 0,QQQ,OPT,20250816,541.0,C,100,SMART,,USD,,,False,,combo: ticker_id 15
2025-08-16 02:31:02,834 - INFO - 35308 - Subscribing contract 0,QQQ,OPT,20250816,541.0,P,100,SMART,,USD,,,False,,combo: ticker_id 16
2025-08-16 02:31:02,835 - INFO - 35308 - Subscribing contract 0,QQQ,OPT,20250816,0,C,100,SMART,,USD,,,False,,combo: ticker_id 13
2025-08-16 02:31:02,837 - INFO - 35308 - Subscribing contract 0,QQQ,OPT,20250816,0,P,100,SMART,,USD,,,False,,combo: ticker_id 14
2025-08-16 02:31:02,838 - INFO - 35308 - Subscribing contract 0,QQQ,OPT,20250816,0,C,100,SMART,,USD,,,False,,combo: ticker_id 13
2025-08-16 02:31:02,838 - INFO - 35308 - Subscribing contract 0,QQQ,OPT,20250816,0,P,100,SMART,,USD,,,False,,combo: ticker_id 14
2025-08-16 02:31:02,843 - INFO - 35308 - Subscribing contract 0,QQQ,OPT,20250816,0,C,100,SMART,,USD,,,False,,combo: ticker_id 13
2025-08-16 02:31:02,845 - INFO - 35308 - Subscribing contract 0,QQQ,OPT,20250816,0,P,100,SMART,,USD,,,False,,combo: ticker_id 14
2025-08-16 02:31:02,846 - INFO - 35308 - SPY UNDERLYING PRICE IS = -1
2025-08-16 02:31:02,846 - INFO - 35308 - Subscribing contract 0,SPY,OPT,20250816,0,C,100,SMART,,USD,,,False,,combo: ticker_id 17
2025-08-16 02:31:02,847 - INFO - 35308 - Subscribing contract 0,SPY,OPT,20250816,0,P,100,SMART,,USD,,,False,,combo: ticker_id 18
2025-08-16 02:31:02,847 - INFO - 35308 - Subscribing contract 0,SPY,OPT,20250816,0,C,100,SMART,,USD,,,False,,combo: ticker_id 17
2025-08-16 02:31:02,848 - INFO - 35308 - Subscribing contract 0,SPY,OPT,20250816,0,P,100,SMART,,USD,,,False,,combo: ticker_id 18
2025-08-16 02:31:02,849 - INFO - 35308 - Subscribing contract 0,SPY,OPT,20250816,0,C,100,SMART,,USD,,,False,,combo: ticker_id 17
2025-08-16 02:31:02,850 - INFO - 35308 - Subscribing contract 0,SPY,OPT,20250816,0,P,100,SMART,,USD,,,False,,combo: ticker_id 18
2025-08-16 02:31:02,855 - INFO - 35308 - Subscribing contract 0,SPY,OPT,20250816,0,C,100,SMART,,USD,,,False,,combo: ticker_id 17
2025-08-16 02:31:02,856 - INFO - 35308 - Subscribing contract 0,SPY,OPT,20250816,0,P,100,SMART,,USD,,,False,,combo: ticker_id 18
2025-08-16 02:31:02,858 - INFO - 35308 - Subscribing contract 0,SPY,OPT,20250816,611.0,C,100,SMART,,USD,,,False,,combo: ticker_id 19
2025-08-16 02:31:02,858 - INFO - 35308 - Subscribing contract 0,SPY,OPT,20250816,611.0,P,100,SMART,,USD,,,False,,combo: ticker_id 20
2025-08-16 02:31:02,859 - INFO - 35308 - Subscribing contract 0,SPY,OPT,20250816,0,C,100,SMART,,USD,,,False,,combo: ticker_id 17
2025-08-16 02:31:02,860 - INFO - 35308 - Subscribing contract 0,SPY,OPT,20250816,0,P,100,SMART,,USD,,,False,,combo: ticker_id 18
2025-08-16 02:31:02,860 - INFO - 35308 - Subscribing contract 0,SPY,OPT,20250816,0,C,100,SMART,,USD,,,False,,combo: ticker_id 17
2025-08-16 02:31:02,866 - ERROR - 28632 - Id: 13, Code: 200, Msg: No security definition has been found for the request
2025-08-16 02:31:02,873 - INFO - 35308 - Subscribing contract 0,SPY,OPT,20250816,0,P,100,SMART,,USD,,,False,,combo: ticker_id 18
2025-08-16 02:31:02,875 - INFO - 35308 - Subscribing contract 0,SPY,OPT,20250816,0,C,100,SMART,,USD,,,False,,combo: ticker_id 17
2025-08-16 02:31:02,876 - INFO - 35308 - Subscribing contract 0,SPY,OPT,20250816,0,P,100,SMART,,USD,,,False,,combo: ticker_id 18
2025-08-16 02:31:02,879 - INFO - 35308 - SPX UNDERLYING PRICE IS = -1
2025-08-16 02:31:02,894 - INFO - 35308 - Subscribing contract 0,SPX,OPT,20250815,0,C,100,SMART,,USD,,,False,,combo: ticker_id 21
2025-08-16 02:31:02,897 - INFO - 35308 - Subscribing contract 0,SPX,OPT,20250815,0,P,100,SMART,,USD,,,False,,combo: ticker_id 22
2025-08-16 02:31:02,898 - INFO - 35308 - Subscribing contract 0,SPX,OPT,20250815,0,C,100,SMART,,USD,,,False,,combo: ticker_id 21
2025-08-16 02:31:02,899 - INFO - 35308 - Subscribing contract 0,SPX,OPT,20250815,0,P,100,SMART,,USD,,,False,,combo: ticker_id 22
2025-08-16 02:31:02,900 - INFO - 35308 - Subscribing contract 0,SPX,OPT,20250815,0,C,100,SMART,,USD,,,False,,combo: ticker_id 21
2025-08-16 02:31:02,901 - INFO - 35308 - Subscribing contract 0,SPX,OPT,20250815,0,P,100,SMART,,USD,,,False,,combo: ticker_id 22
2025-08-16 02:31:02,904 - INFO - 35308 - Subscribing contract 0,SPX,OPT,20250815,0,C,100,SMART,,USD,,,False,,combo: ticker_id 21
2025-08-16 02:31:02,908 - INFO - 35308 - Subscribing contract 0,SPX,OPT,20250815,0,P,100,SMART,,USD,,,False,,combo: ticker_id 22
2025-08-16 02:31:02,909 - INFO - 35308 - Subscribing contract 0,SPX,OPT,20250815,200.0,C,100,SMART,,USD,,,False,,combo: ticker_id 23
2025-08-16 02:31:02,910 - INFO - 35308 - Subscribing contract 0,SPX,OPT,20250815,200.0,P,100,SMART,,USD,,,False,,combo: ticker_id 24
2025-08-16 02:31:02,911 - INFO - 35308 - Subscribing contract 0,SPX,OPT,20250815,0,C,100,SMART,,USD,,,False,,combo: ticker_id 21
2025-08-16 02:31:02,912 - INFO - 35308 - Subscribing contract 0,SPX,OPT,20250815,0,P,100,SMART,,USD,,,False,,combo: ticker_id 22
2025-08-16 02:31:02,913 - INFO - 35308 - Subscribing contract 0,SPX,OPT,20250815,0,C,100,SMART,,USD,,,False,,combo: ticker_id 21
2025-08-16 02:31:02,913 - INFO - 35308 - Subscribing contract 0,SPX,OPT,20250815,0,P,100,SMART,,USD,,,False,,combo: ticker_id 22
2025-08-16 02:31:02,918 - INFO - 35308 - Subscribing contract 0,SPX,OPT,20250815,0,C,100,SMART,,USD,,,False,,combo: ticker_id 21
2025-08-16 02:31:02,920 - INFO - 35308 - Subscribing contract 0,SPX,OPT,20250815,0,P,100,SMART,,USD,,,False,,combo: ticker_id 22
2025-08-16 02:31:03,021 - ERROR - 28632 - Id: 14, Code: 322, Msg: Error processing request.-'bQ' : cause - Duplicate ticker id
2025-08-16 02:31:03,122 - ERROR - 28632 - Id: 13, Code: 322, Msg: Error processing request.-'bQ' : cause - Duplicate ticker id
2025-08-16 02:31:03,221 - ERROR - 28632 - Id: 14, Code: 322, Msg: Error processing request.-'bQ' : cause - Duplicate ticker id
2025-08-16 02:31:03,320 - ERROR - 28632 - Id: 13, Code: 322, Msg: Error processing request.-'bQ' : cause - Duplicate ticker id
2025-08-16 02:31:03,420 - ERROR - 28632 - Id: 14, Code: 322, Msg: Error processing request.-'bQ' : cause - Duplicate ticker id
2025-08-16 02:31:03,553 - ERROR - 28632 - Id: 15, Code: 200, Msg: No security definition has been found for the request
2025-08-16 02:31:03,637 - ERROR - 28632 - Id: 16, Code: 200, Msg: No security definition has been found for the request
2025-08-16 02:31:03,721 - ERROR - 28632 - Id: 13, Code: 322, Msg: Error processing request.-'bQ' : cause - Duplicate ticker id
2025-08-16 02:31:03,823 - ERROR - 28632 - Id: 14, Code: 322, Msg: Error processing request.-'bQ' : cause - Duplicate ticker id
2025-08-16 02:31:03,826 - ERROR - 28632 - Id: 13, Code: 322, Msg: Error processing request.-'bQ' : cause - Duplicate ticker id
2025-08-16 02:31:03,827 - ERROR - 28632 - Id: 14, Code: 322, Msg: Error processing request.-'bQ' : cause - Duplicate ticker id
2025-08-16 02:31:03,828 - ERROR - 28632 - Id: 13, Code: 322, Msg: Error processing request.-'bQ' : cause - Duplicate ticker id
2025-08-16 02:31:03,829 - ERROR - 28632 - Id: 14, Code: 322, Msg: Error processing request.-'bQ' : cause - Duplicate ticker id
2025-08-16 02:31:03,830 - ERROR - 28632 - Id: 17, Code: 322, Msg: Error processing request.-'bQ' : cause - Duplicate ticker id
2025-08-16 02:31:03,831 - ERROR - 28632 - Id: 18, Code: 322, Msg: Error processing request.-'bQ' : cause - Duplicate ticker id
2025-08-16 02:31:03,831 - ERROR - 28632 - Id: 17, Code: 322, Msg: Error processing request.-'bQ' : cause - Duplicate ticker id
2025-08-16 02:31:03,832 - ERROR - 28632 - Id: 18, Code: 322, Msg: Error processing request.-'bQ' : cause - Duplicate ticker id
2025-08-16 02:31:03,832 - ERROR - 28632 - Id: 17, Code: 322, Msg: Error processing request.-'bQ' : cause - Duplicate ticker id
2025-08-16 02:31:03,832 - ERROR - 28632 - Id: 18, Code: 322, Msg: Error processing request.-'bQ' : cause - Duplicate ticker id
2025-08-16 02:31:03,833 - ERROR - 28632 - Id: 17, Code: 322, Msg: Error processing request.-'bQ' : cause - Duplicate ticker id
2025-08-16 02:31:03,833 - ERROR - 28632 - Id: 18, Code: 322, Msg: Error processing request.-'bQ' : cause - Duplicate ticker id
2025-08-16 02:31:03,834 - ERROR - 28632 - Id: 17, Code: 322, Msg: Error processing request.-'bQ' : cause - Duplicate ticker id
2025-08-16 02:31:03,834 - ERROR - 28632 - Id: 18, Code: 322, Msg: Error processing request.-'bQ' : cause - Duplicate ticker id
2025-08-16 02:31:03,887 - ERROR - 28632 - Id: 19, Code: 200, Msg: No security definition has been found for the request
2025-08-16 02:31:03,891 - ERROR - 28632 - Id: 20, Code: 200, Msg: No security definition has been found for the request
2025-08-16 02:31:03,921 - ERROR - 28632 - Id: 17, Code: 322, Msg: Error processing request.-'bQ' : cause - Duplicate ticker id
2025-08-16 02:31:03,923 - ERROR - 28632 - Id: 18, Code: 322, Msg: Error processing request.-'bQ' : cause - Duplicate ticker id
2025-08-16 02:31:03,925 - ERROR - 28632 - Id: 21, Code: 322, Msg: Error processing request.-'bQ' : cause - Duplicate ticker id
2025-08-16 02:31:03,925 - ERROR - 28632 - Id: 22, Code: 322, Msg: Error processing request.-'bQ' : cause - Duplicate ticker id
2025-08-16 02:31:03,926 - ERROR - 28632 - Id: 21, Code: 322, Msg: Error processing request.-'bQ' : cause - Duplicate ticker id
2025-08-16 02:31:03,926 - ERROR - 28632 - Id: 22, Code: 322, Msg: Error processing request.-'bQ' : cause - Duplicate ticker id
2025-08-16 02:31:03,926 - ERROR - 28632 - Id: 21, Code: 322, Msg: Error processing request.-'bQ' : cause - Duplicate ticker id
2025-08-16 02:31:03,927 - ERROR - 28632 - Id: 22, Code: 322, Msg: Error processing request.-'bQ' : cause - Duplicate ticker id
2025-08-16 02:31:04,022 - ERROR - 28632 - Id: 21, Code: 322, Msg: Error processing request.-'bQ' : cause - Duplicate ticker id
2025-08-16 02:31:04,024 - ERROR - 28632 - Id: 22, Code: 322, Msg: Error processing request.-'bQ' : cause - Duplicate ticker id
2025-08-16 02:31:04,026 - ERROR - 28632 - Id: 21, Code: 322, Msg: Error processing request.-'bQ' : cause - Duplicate ticker id
2025-08-16 02:31:04,121 - ERROR - 28632 - Id: 22, Code: 322, Msg: Error processing request.-'bQ' : cause - Duplicate ticker id
2025-08-16 02:31:04,123 - ERROR - 28632 - Id: 21, Code: 322, Msg: Error processing request.-'bQ' : cause - Duplicate ticker id
2025-08-16 02:31:04,124 - ERROR - 28632 - Id: 22, Code: 322, Msg: Error processing request.-'bQ' : cause - Duplicate ticker id
2025-08-16 02:31:07,828 - ERROR - 28632 - Id: 14, Code: 200, Msg: No security definition has been found for the request
2025-08-16 02:31:12,922 - INFO - 35308 - Subscribing contract 0,QQQ,OPT,20250816,0,C,100,SMART,,USD,,,False,,combo: ticker_id 25
2025-08-16 02:32:12,813 - INFO - 24688 - Starting BOT
2025-08-16 02:32:12,821 - INFO - 24688 - expiry To Trade is = 20250815
2025-08-16 02:32:12,826 - INFO - 24688 - expiry To Trade is = 20250816
2025-08-16 02:32:12,827 - INFO - 24688 - 
 trade_time_dict is = {'QQQ_CALL': datetime.datetime(2025, 8, 16, 2, 32, 12, 827242), 'QQQ_PUT': datetime.datetime(2025, 8, 16, 2, 32, 12, 827242), 'SPY_CALL': datetime.datetime(2025, 8, 16, 2, 32, 12, 827242), 'SPY_PUT': datetime.datetime(2025, 8, 16, 2, 32, 12, 827242), 'SPX_CALL': datetime.datetime(2025, 8, 16, 2, 32, 12, 827242), 'SPX_PUT': datetime.datetime(2025, 8, 16, 2, 32, 12, 827242)}

2025-08-16 02:32:12,828 - INFO - 24688 - Signal Dict is = {'QQQ': {'last_signal': '', 'current_signal': '', 'last_trade_short_strike': '', 'last_trade_buy_strike': '', 'right': '', 'conIdDetails_short': '', 'conIdDetails_buy': ''}, 'SPY': {'last_signal': '', 'current_signal': '', 'last_trade_short_strike': '', 'last_trade_buy_strike': '', 'right': '', 'conIdDetails_short': '', 'conIdDetails_buy': ''}, 'SPX': {'last_signal': '', 'current_signal': '', 'last_trade_short_strike': '', 'last_trade_buy_strike': '', 'right': '', 'conIdDetails_short': '', 'conIdDetails_buy': ''}}
2025-08-16 02:32:12,832 - INFO - 42620 - starting handle orders queue
2025-08-16 02:32:12,843 - INFO - 42620 - get all option orders
2025-08-16 02:32:12,846 - INFO - 42620 - OptionOrder(id=21919, conId=None, symbol='GOOG', expiration='20250815', strike=202.5, right='CALL', order_type='LMT', order_side='BUY', order_qty=1, order_price=2.31, order_status='cancelled', executed_qty=0, average_price=0.0, profit_price=2.61, stoploss_price=2.04, profit_trigger=0, current_profit_price=2.61, profit_increment=0.03, contract=None, exit_placed=0, exit_order=0, active=1, ref_order_id=None)
2025-08-16 02:32:12,848 - INFO - 42620 - OptionOrder(id=21920, conId=None, symbol='NVDA', expiration='20250815', strike=185.0, right='CALL', order_type='MKT', order_side='BUY', order_qty=1, order_price=1.81, order_status='filled', executed_qty=1, average_price=1.98, profit_price=2.22, stoploss_price=1.45, profit_trigger=0, current_profit_price=2.22, profit_increment=0.03, contract=None, exit_placed=0, exit_order=0, active=1, ref_order_id=None)
2025-08-16 02:32:12,849 - INFO - 42620 - OptionOrder(id=21921, conId=None, symbol='AMD', expiration='20250815', strike=177.5, right='CALL', order_type='LMT', order_side='BUY', order_qty=1, order_price=3.25, order_status='cancelled', executed_qty=0, average_price=0.0, profit_price=3.66, stoploss_price=2.43, profit_trigger=0, current_profit_price=3.66, profit_increment=0.03, contract=None, exit_placed=0, exit_order=0, active=1, ref_order_id=None)
2025-08-16 02:32:12,851 - INFO - 42620 - OptionOrder(id=21922, conId=None, symbol='MSFT', expiration='20250815', strike=527.5, right='CALL', order_type='LMT', order_side='BUY', order_qty=1, order_price=2.68, order_status='cancelled', executed_qty=0, average_price=0.0, profit_price=2.97, stoploss_price=2.1, profit_trigger=0, current_profit_price=2.97, profit_increment=0.03, contract=None, exit_placed=0, exit_order=0, active=1, ref_order_id=None)
2025-08-16 02:32:12,852 - INFO - 42620 - OptionOrder(id=21923, conId=None, symbol='UPST', expiration='20250815', strike=65.0, right='PUT', order_type='LMT', order_side='BUY', order_qty=1, order_price=1.95, order_status='cancelled', executed_qty=0, average_price=0.0, profit_price=2.33, stoploss_price=1.18, profit_trigger=0, current_profit_price=2.33, profit_increment=0.03, contract=None, exit_placed=0, exit_order=0, active=1, ref_order_id=None)
2025-08-16 02:32:12,866 - INFO - 24688 - TWS connected.
2025-08-16 02:32:13,373 - INFO - 37028 - setting nextValidOrderId: 203
2025-08-16 02:32:13,374 - INFO - 24688 - Checking timeCheckAndCloseProgram
2025-08-16 02:32:13,375 - INFO - 37028 - NextValidId: 203
2025-08-16 02:32:13,376 - INFO - 24688 - get_PNL for account : DU5690365
2025-08-16 02:32:13,376 - INFO - 24688 - PNL Data for account : {}
2025-08-16 02:32:13,377 - INFO - 24688 - Account DU5690365 PNL is 0.0
2025-08-16 02:32:13,377 - INFO - 24688 - timeCheckAndCloseProgram:=>> Market Time is = 02-32 <=1545. Keep Going Trade
2025-08-16 02:32:13,380 - ERROR - 37028 - Id: -1, Code: 2104, Msg: Market data farm connection is OK:cashfarm
2025-08-16 02:32:13,381 - INFO - 24688 - Accoun Current: $0.0 SL: -$250.0 TP: $300.0...
2025-08-16 02:32:13,382 - INFO - 24688 - Request Open Orders
2025-08-16 02:32:13,383 - INFO - 24688 - Request Positions
2025-08-16 02:32:13,385 - ERROR - 37028 - Id: -1, Code: 2104, Msg: Market data farm connection is OK:uscrypto
2025-08-16 02:32:13,388 - INFO - 24688 - Request PnL
2025-08-16 02:32:13,391 - ERROR - 37028 - Id: -1, Code: 2104, Msg: Market data farm connection is OK:usfuture
2025-08-16 02:32:13,393 - ERROR - 37028 - Id: -1, Code: 2104, Msg: Market data farm connection is OK:usfarm.nj
2025-08-16 02:32:13,394 - ERROR - 37028 - Id: -1, Code: 2104, Msg: Market data farm connection is OK:usfarm
2025-08-16 02:32:13,395 - INFO - 37028 - managed accounts: U6987141
2025-08-16 02:32:13,396 - ERROR - 37028 - Id: -1, Code: 2104, Msg: Market data farm connection is OK:usopt
2025-08-16 02:32:13,397 - ERROR - 37028 - Id: -1, Code: 2106, Msg: HMDS data farm connection is OK:euhmds
2025-08-16 02:32:13,397 - ERROR - 37028 - Id: -1, Code: 2106, Msg: HMDS data farm connection is OK:cashhmds
2025-08-16 02:32:13,398 - ERROR - 37028 - Id: -1, Code: 2106, Msg: HMDS data farm connection is OK:fundfarm
2025-08-16 02:32:13,398 - ERROR - 37028 - Id: -1, Code: 2106, Msg: HMDS data farm connection is OK:ushmds
2025-08-16 02:32:13,401 - ERROR - 37028 - Id: -1, Code: 2158, Msg: Sec-def data farm connection is OK:secdefnj
2025-08-16 02:32:13,401 - INFO - 37028 - openOrderEnd
2025-08-16 02:32:13,404 - INFO - 37028 - positionEnd
2025-08-16 02:32:13,405 - ERROR - 37028 - Id: 10001, Code: 321, Msg: Error validating request.-'cj' : cause - Invalid account code
2025-08-16 02:32:16,897 - INFO - 24688 - Subscribing contract 320227571,QQQ,STK,,0.0,,,SMART,ISLAND,USD,QQQ,NMS,False,,combo: ticker_id 4
2025-08-16 02:32:16,907 - INFO - 24688 - Subscribing contract 756733,SPY,STK,,0.0,,,SMART,ARCA,USD,SPY,SPY,False,,combo: ticker_id 6
2025-08-16 02:32:16,911 - INFO - 24688 - Subscribing contract 416904,SPX,IND,,0.0,,,CBOE,,USD,SPX,,False,,combo: ticker_id 8
2025-08-16 02:32:44,911 - INFO - 18768 - Starting BOT
2025-08-16 02:32:44,922 - INFO - 18768 - expiry To Trade is = 20250815
2025-08-16 02:32:44,924 - INFO - 18768 - expiry To Trade is = 20250816
2025-08-16 02:32:44,925 - INFO - 18768 - 
 trade_time_dict is = {'QQQ_CALL': datetime.datetime(2025, 8, 16, 2, 32, 44, 925216), 'QQQ_PUT': datetime.datetime(2025, 8, 16, 2, 32, 44, 925216), 'SPY_CALL': datetime.datetime(2025, 8, 16, 2, 32, 44, 925216), 'SPY_PUT': datetime.datetime(2025, 8, 16, 2, 32, 44, 925216), 'SPX_CALL': datetime.datetime(2025, 8, 16, 2, 32, 44, 925216), 'SPX_PUT': datetime.datetime(2025, 8, 16, 2, 32, 44, 925216)}

2025-08-16 02:32:44,926 - INFO - 18768 - Signal Dict is = {'QQQ': {'last_signal': '', 'current_signal': '', 'last_trade_short_strike': '', 'last_trade_buy_strike': '', 'right': '', 'conIdDetails_short': '', 'conIdDetails_buy': ''}, 'SPY': {'last_signal': '', 'current_signal': '', 'last_trade_short_strike': '', 'last_trade_buy_strike': '', 'right': '', 'conIdDetails_short': '', 'conIdDetails_buy': ''}, 'SPX': {'last_signal': '', 'current_signal': '', 'last_trade_short_strike': '', 'last_trade_buy_strike': '', 'right': '', 'conIdDetails_short': '', 'conIdDetails_buy': ''}}
2025-08-16 02:32:44,931 - INFO - 9900 - starting handle orders queue
2025-08-16 02:32:44,943 - INFO - 9900 - get all option orders
2025-08-16 02:32:44,946 - INFO - 9900 - OptionOrder(id=21919, conId=None, symbol='GOOG', expiration='20250815', strike=202.5, right='CALL', order_type='LMT', order_side='BUY', order_qty=1, order_price=2.31, order_status='cancelled', executed_qty=0, average_price=0.0, profit_price=2.61, stoploss_price=2.04, profit_trigger=0, current_profit_price=2.61, profit_increment=0.03, contract=None, exit_placed=0, exit_order=0, active=1, ref_order_id=None)
2025-08-16 02:32:44,948 - INFO - 9900 - OptionOrder(id=21920, conId=None, symbol='NVDA', expiration='20250815', strike=185.0, right='CALL', order_type='MKT', order_side='BUY', order_qty=1, order_price=1.81, order_status='filled', executed_qty=1, average_price=1.98, profit_price=2.22, stoploss_price=1.45, profit_trigger=0, current_profit_price=2.22, profit_increment=0.03, contract=None, exit_placed=0, exit_order=0, active=1, ref_order_id=None)
2025-08-16 02:32:44,951 - INFO - 9900 - OptionOrder(id=21921, conId=None, symbol='AMD', expiration='20250815', strike=177.5, right='CALL', order_type='LMT', order_side='BUY', order_qty=1, order_price=3.25, order_status='cancelled', executed_qty=0, average_price=0.0, profit_price=3.66, stoploss_price=2.43, profit_trigger=0, current_profit_price=3.66, profit_increment=0.03, contract=None, exit_placed=0, exit_order=0, active=1, ref_order_id=None)
2025-08-16 02:32:44,953 - INFO - 9900 - OptionOrder(id=21922, conId=None, symbol='MSFT', expiration='20250815', strike=527.5, right='CALL', order_type='LMT', order_side='BUY', order_qty=1, order_price=2.68, order_status='cancelled', executed_qty=0, average_price=0.0, profit_price=2.97, stoploss_price=2.1, profit_trigger=0, current_profit_price=2.97, profit_increment=0.03, contract=None, exit_placed=0, exit_order=0, active=1, ref_order_id=None)
2025-08-16 02:32:44,957 - INFO - 9900 - OptionOrder(id=21923, conId=None, symbol='UPST', expiration='20250815', strike=65.0, right='PUT', order_type='LMT', order_side='BUY', order_qty=1, order_price=1.95, order_status='cancelled', executed_qty=0, average_price=0.0, profit_price=2.33, stoploss_price=1.18, profit_trigger=0, current_profit_price=2.33, profit_increment=0.03, contract=None, exit_placed=0, exit_order=0, active=1, ref_order_id=None)
2025-08-16 02:32:44,980 - INFO - 18768 - TWS connected.
2025-08-16 02:32:45,487 - INFO - 20616 - setting nextValidOrderId: 203
2025-08-16 02:32:45,488 - INFO - 18768 - Checking timeCheckAndCloseProgram
2025-08-16 02:32:45,489 - INFO - 20616 - NextValidId: 203
2025-08-16 02:32:45,490 - INFO - 18768 - get_PNL for account : DU5690365
2025-08-16 02:32:45,491 - INFO - 18768 - PNL Data for account : {}
2025-08-16 02:32:45,492 - INFO - 18768 - Account DU5690365 PNL is 0.0
2025-08-16 02:32:45,495 - INFO - 18768 - timeCheckAndCloseProgram:=>> Market Time is = 02-32 <=1545. Keep Going Trade
2025-08-16 02:32:45,496 - INFO - 18768 - Accoun Current: $0.0 SL: -$250.0 TP: $300.0...
2025-08-16 02:32:45,497 - INFO - 18768 - Request Open Orders
2025-08-16 02:32:45,498 - INFO - 18768 - Request Positions
2025-08-16 02:32:45,501 - INFO - 18768 - Request PnL
2025-08-16 02:32:45,506 - INFO - 20616 - managed accounts: U6987141
2025-08-16 02:32:45,507 - ERROR - 20616 - Id: -1, Code: 2104, Msg: Market data farm connection is OK:cashfarm
2025-08-16 02:32:45,508 - ERROR - 20616 - Id: -1, Code: 2104, Msg: Market data farm connection is OK:uscrypto
2025-08-16 02:32:45,510 - ERROR - 20616 - Id: -1, Code: 2104, Msg: Market data farm connection is OK:usfuture
2025-08-16 02:32:45,511 - ERROR - 20616 - Id: -1, Code: 2104, Msg: Market data farm connection is OK:usfarm.nj
2025-08-16 02:32:45,512 - ERROR - 20616 - Id: -1, Code: 2104, Msg: Market data farm connection is OK:usfarm
2025-08-16 02:32:45,513 - ERROR - 20616 - Id: -1, Code: 2104, Msg: Market data farm connection is OK:usopt
2025-08-16 02:32:45,516 - ERROR - 20616 - Id: -1, Code: 2106, Msg: HMDS data farm connection is OK:euhmds
2025-08-16 02:32:45,517 - ERROR - 20616 - Id: -1, Code: 2106, Msg: HMDS data farm connection is OK:cashhmds
2025-08-16 02:32:45,518 - ERROR - 20616 - Id: -1, Code: 2106, Msg: HMDS data farm connection is OK:fundfarm
2025-08-16 02:32:45,519 - ERROR - 20616 - Id: -1, Code: 2106, Msg: HMDS data farm connection is OK:ushmds
2025-08-16 02:32:45,520 - ERROR - 20616 - Id: -1, Code: 2158, Msg: Sec-def data farm connection is OK:secdefnj
2025-08-16 02:32:45,526 - INFO - 20616 - openOrderEnd
2025-08-16 02:32:45,527 - INFO - 20616 - positionEnd
2025-08-16 02:32:45,625 - ERROR - 20616 - Id: 10001, Code: 321, Msg: Error validating request.-'cj' : cause - Invalid account code
2025-08-16 02:32:49,009 - INFO - 18768 - Subscribing contract 320227571,QQQ,STK,,0.0,,,SMART,ISLAND,USD,QQQ,NMS,False,,combo: ticker_id 4
2025-08-16 02:32:49,015 - INFO - 18768 - Subscribing contract 756733,SPY,STK,,0.0,,,SMART,ARCA,USD,SPY,SPY,False,,combo: ticker_id 6
2025-08-16 02:32:49,018 - INFO - 18768 - Subscribing contract 416904,SPX,IND,,0.0,,,CBOE,,USD,SPX,,False,,combo: ticker_id 8
2025-08-16 02:32:49,195 - ERROR - 20616 - Id: 5, Code: 2176, Msg: Warning: Your API version does not support fractional share size rules. Please upgrade to a minimum version 163. Trimmed value 22.22 to 22
2025-08-16 02:32:49,261 - ERROR - 20616 - Id: 7, Code: 2176, Msg: Warning: Your API version does not support fractional share size rules. Please upgrade to a minimum version 163. Trimmed value 241.53 to 241
2025-08-16 02:32:52,021 - INFO - 18768 - QQQ get strikes.
2025-08-16 02:32:53,532 - INFO - 18768 - SPY get strikes.
2025-08-16 02:32:55,040 - INFO - 18768 - SPX get strikes.
2025-08-16 02:32:55,548 - INFO - 18768 - QQQ UNDERLYING PRICE IS = -1
2025-08-16 02:32:55,551 - INFO - 18768 - Subscribing contract 0,QQQ,OPT,20250816,0,C,100,SMART,,USD,,,False,,combo: ticker_id 13
2025-08-16 02:32:55,554 - INFO - 18768 - Subscribing contract 0,QQQ,OPT,20250816,0,P,100,SMART,,USD,,,False,,combo: ticker_id 14
2025-08-16 02:32:55,566 - INFO - 18768 - Subscribing contract 0,QQQ,OPT,20250816,0,C,100,SMART,,USD,,,False,,combo: ticker_id 13
2025-08-16 02:32:55,568 - ERROR - 20616 - Id: 13, Code: 200, Msg: No security definition has been found for the request
2025-08-16 02:32:55,572 - INFO - 18768 - Subscribing contract 0,QQQ,OPT,20250816,0,P,100,SMART,,USD,,,False,,combo: ticker_id 14
2025-08-16 02:32:55,576 - INFO - 18768 - Subscribing contract 0,QQQ,OPT,20250816,0,C,100,SMART,,USD,,,False,,combo: ticker_id 13
2025-08-16 02:32:55,577 - INFO - 18768 - Subscribing contract 0,QQQ,OPT,20250816,0,P,100,SMART,,USD,,,False,,combo: ticker_id 14
2025-08-16 02:32:55,579 - INFO - 18768 - Subscribing contract 0,QQQ,OPT,20250816,0,C,100,SMART,,USD,,,False,,combo: ticker_id 13
2025-08-16 02:32:55,582 - ERROR - 20616 - Id: 14, Code: 322, Msg: Error processing request.-'bQ' : cause - Duplicate ticker id
2025-08-16 02:32:55,585 - INFO - 18768 - Subscribing contract 0,QQQ,OPT,20250816,0,P,100,SMART,,USD,,,False,,combo: ticker_id 14
2025-08-16 02:32:55,587 - INFO - 18768 - Subscribing contract 0,QQQ,OPT,20250816,541.0,C,100,SMART,,USD,,,False,,combo: ticker_id 15
2025-08-16 02:32:55,594 - INFO - 18768 - Subscribing contract 0,QQQ,OPT,20250816,541.0,P,100,SMART,,USD,,,False,,combo: ticker_id 16
2025-08-16 02:32:55,597 - INFO - 18768 - Subscribing contract 0,QQQ,OPT,20250816,0,C,100,SMART,,USD,,,False,,combo: ticker_id 13
2025-08-16 02:32:55,599 - INFO - 18768 - Subscribing contract 0,QQQ,OPT,20250816,0,P,100,SMART,,USD,,,False,,combo: ticker_id 14
2025-08-16 02:32:55,600 - INFO - 18768 - Subscribing contract 0,QQQ,OPT,20250816,0,C,100,SMART,,USD,,,False,,combo: ticker_id 13
2025-08-16 02:32:55,605 - INFO - 18768 - Subscribing contract 0,QQQ,OPT,20250816,0,P,100,SMART,,USD,,,False,,combo: ticker_id 14
2025-08-16 02:32:55,608 - INFO - 18768 - Subscribing contract 0,QQQ,OPT,20250816,0,C,100,SMART,,USD,,,False,,combo: ticker_id 13
2025-08-16 02:32:55,614 - INFO - 18768 - Subscribing contract 0,QQQ,OPT,20250816,0,P,100,SMART,,USD,,,False,,combo: ticker_id 14
2025-08-16 02:32:55,619 - INFO - 18768 - SPY UNDERLYING PRICE IS = -1
2025-08-16 02:32:55,624 - INFO - 18768 - Subscribing contract 0,SPY,OPT,20250816,0,C,100,SMART,,USD,,,False,,combo: ticker_id 17
2025-08-16 02:32:55,625 - INFO - 18768 - Subscribing contract 0,SPY,OPT,20250816,0,P,100,SMART,,USD,,,False,,combo: ticker_id 18
2025-08-16 02:32:55,627 - INFO - 18768 - Subscribing contract 0,SPY,OPT,20250816,0,C,100,SMART,,USD,,,False,,combo: ticker_id 17
2025-08-16 02:32:55,628 - INFO - 18768 - Subscribing contract 0,SPY,OPT,20250816,0,P,100,SMART,,USD,,,False,,combo: ticker_id 18
2025-08-16 02:32:55,629 - INFO - 18768 - Subscribing contract 0,SPY,OPT,20250816,0,C,100,SMART,,USD,,,False,,combo: ticker_id 17
2025-08-16 02:32:55,630 - INFO - 18768 - Subscribing contract 0,SPY,OPT,20250816,0,P,100,SMART,,USD,,,False,,combo: ticker_id 18
2025-08-16 02:32:55,631 - INFO - 18768 - Subscribing contract 0,SPY,OPT,20250816,0,C,100,SMART,,USD,,,False,,combo: ticker_id 17
2025-08-16 02:32:55,636 - INFO - 18768 - Subscribing contract 0,SPY,OPT,20250816,0,P,100,SMART,,USD,,,False,,combo: ticker_id 18
2025-08-16 02:32:55,638 - INFO - 18768 - Subscribing contract 0,SPY,OPT,20250816,611.0,C,100,SMART,,USD,,,False,,combo: ticker_id 19
2025-08-16 02:32:55,640 - INFO - 18768 - Subscribing contract 0,SPY,OPT,20250816,611.0,P,100,SMART,,USD,,,False,,combo: ticker_id 20
2025-08-16 02:32:55,642 - INFO - 18768 - Subscribing contract 0,SPY,OPT,20250816,0,C,100,SMART,,USD,,,False,,combo: ticker_id 17
2025-08-16 02:32:55,644 - INFO - 18768 - Subscribing contract 0,SPY,OPT,20250816,0,P,100,SMART,,USD,,,False,,combo: ticker_id 18
2025-08-16 02:32:55,646 - INFO - 18768 - Subscribing contract 0,SPY,OPT,20250816,0,C,100,SMART,,USD,,,False,,combo: ticker_id 17
2025-08-16 02:32:55,647 - INFO - 18768 - Subscribing contract 0,SPY,OPT,20250816,0,P,100,SMART,,USD,,,False,,combo: ticker_id 18
2025-08-16 02:32:55,656 - INFO - 18768 - Subscribing contract 0,SPY,OPT,20250816,0,C,100,SMART,,USD,,,False,,combo: ticker_id 17
2025-08-16 02:32:55,659 - INFO - 18768 - Subscribing contract 0,SPY,OPT,20250816,0,P,100,SMART,,USD,,,False,,combo: ticker_id 18
2025-08-16 02:32:55,662 - INFO - 18768 - SPX UNDERLYING PRICE IS = -1
2025-08-16 02:32:55,674 - INFO - 18768 - Subscribing contract 0,SPX,OPT,20250815,0,C,100,SMART,,USD,,,False,,combo: ticker_id 21
2025-08-16 02:32:55,675 - INFO - 18768 - Subscribing contract 0,SPX,OPT,20250815,0,P,100,SMART,,USD,,,False,,combo: ticker_id 22
2025-08-16 02:32:55,677 - ERROR - 20616 - Id: 13, Code: 322, Msg: Error processing request.-'bQ' : cause - Duplicate ticker id
2025-08-16 02:32:55,678 - INFO - 18768 - Subscribing contract 0,SPX,OPT,20250815,0,C,100,SMART,,USD,,,False,,combo: ticker_id 21
2025-08-16 02:32:55,680 - INFO - 18768 - Subscribing contract 0,SPX,OPT,20250815,0,P,100,SMART,,USD,,,False,,combo: ticker_id 22
2025-08-16 02:32:55,681 - INFO - 18768 - Subscribing contract 0,SPX,OPT,20250815,0,C,100,SMART,,USD,,,False,,combo: ticker_id 21
2025-08-16 02:32:55,682 - INFO - 18768 - Subscribing contract 0,SPX,OPT,20250815,0,P,100,SMART,,USD,,,False,,combo: ticker_id 22
2025-08-16 02:32:55,684 - INFO - 18768 - Subscribing contract 0,SPX,OPT,20250815,0,C,100,SMART,,USD,,,False,,combo: ticker_id 21
2025-08-16 02:32:55,684 - INFO - 18768 - Subscribing contract 0,SPX,OPT,20250815,0,P,100,SMART,,USD,,,False,,combo: ticker_id 22
2025-08-16 02:32:55,689 - INFO - 18768 - Subscribing contract 0,SPX,OPT,20250815,200.0,C,100,SMART,,USD,,,False,,combo: ticker_id 23
2025-08-16 02:32:55,690 - INFO - 18768 - Subscribing contract 0,SPX,OPT,20250815,200.0,P,100,SMART,,USD,,,False,,combo: ticker_id 24
2025-08-16 02:32:55,691 - INFO - 18768 - Subscribing contract 0,SPX,OPT,20250815,0,C,100,SMART,,USD,,,False,,combo: ticker_id 21
2025-08-16 02:32:55,692 - INFO - 18768 - Subscribing contract 0,SPX,OPT,20250815,0,P,100,SMART,,USD,,,False,,combo: ticker_id 22
2025-08-16 02:32:55,693 - INFO - 18768 - Subscribing contract 0,SPX,OPT,20250815,0,C,100,SMART,,USD,,,False,,combo: ticker_id 21
2025-08-16 02:32:55,694 - INFO - 18768 - Subscribing contract 0,SPX,OPT,20250815,0,P,100,SMART,,USD,,,False,,combo: ticker_id 22
2025-08-16 02:32:55,695 - INFO - 18768 - Subscribing contract 0,SPX,OPT,20250815,0,C,100,SMART,,USD,,,False,,combo: ticker_id 21
2025-08-16 02:32:55,696 - INFO - 18768 - Subscribing contract 0,SPX,OPT,20250815,0,P,100,SMART,,USD,,,False,,combo: ticker_id 22
2025-08-16 02:32:55,777 - ERROR - 20616 - Id: 14, Code: 322, Msg: Error processing request.-'bQ' : cause - Duplicate ticker id
2025-08-16 02:32:55,877 - ERROR - 20616 - Id: 13, Code: 322, Msg: Error processing request.-'bQ' : cause - Duplicate ticker id
2025-08-16 02:32:55,977 - ERROR - 20616 - Id: 14, Code: 322, Msg: Error processing request.-'bQ' : cause - Duplicate ticker id
2025-08-16 02:32:56,137 - ERROR - 20616 - Id: 15, Code: 200, Msg: No security definition has been found for the request
2025-08-16 02:32:56,191 - ERROR - 20616 - Id: 16, Code: 200, Msg: No security definition has been found for the request
2025-08-16 02:32:56,277 - ERROR - 20616 - Id: 13, Code: 322, Msg: Error processing request.-'bQ' : cause - Duplicate ticker id
2025-08-16 02:32:56,377 - ERROR - 20616 - Id: 14, Code: 322, Msg: Error processing request.-'bQ' : cause - Duplicate ticker id
2025-08-16 02:32:56,477 - ERROR - 20616 - Id: 13, Code: 322, Msg: Error processing request.-'bQ' : cause - Duplicate ticker id
2025-08-16 02:32:56,577 - ERROR - 20616 - Id: 14, Code: 322, Msg: Error processing request.-'bQ' : cause - Duplicate ticker id
2025-08-16 02:33:05,700 - INFO - 18768 - Subscribing contract 0,QQQ,OPT,20250816,0,C,100,SMART,,USD,,,False,,combo: ticker_id 25
2025-08-16 02:33:09,505 - ERROR - 20616 - Id: 13, Code: 322, Msg: Error processing request.-'bQ' : cause - Duplicate ticker id
2025-08-16 02:33:09,509 - INFO - 18768 - Subscribing contract 0,QQQ,OPT,20250816,0,P,100,SMART,,USD,,,False,,combo: ticker_id 26
2025-08-16 02:33:09,510 - ERROR - 20616 - Id: 14, Code: 322, Msg: Error processing request.-'bQ' : cause - Duplicate ticker id
2025-08-16 02:33:09,519 - INFO - 18768 - Subscribing contract 0,QQQ,OPT,20250816,0,C,100,SMART,,USD,,,False,,combo: ticker_id 27
2025-08-16 02:33:09,520 - ERROR - 20616 - Id: 17, Code: 322, Msg: Error processing request.-'bQ' : cause - Duplicate ticker id
2025-08-16 02:33:09,532 - INFO - 18768 - Subscribing contract 0,QQQ,OPT,20250816,0,P,100,SMART,,USD,,,False,,combo: ticker_id 28
2025-08-16 02:33:09,533 - ERROR - 20616 - Id: 18, Code: 322, Msg: Error processing request.-'bQ' : cause - Duplicate ticker id
2025-08-16 02:33:09,544 - INFO - 18768 - Subscribing contract 0,QQQ,OPT,20250816,0,C,100,SMART,,USD,,,False,,combo: ticker_id 29
2025-08-16 02:33:09,546 - ERROR - 20616 - Id: 17, Code: 322, Msg: Error processing request.-'bQ' : cause - Duplicate ticker id
2025-08-16 02:33:09,549 - INFO - 18768 - Subscribing contract 0,QQQ,OPT,20250816,0,P,100,SMART,,USD,,,False,,combo: ticker_id 30
2025-08-16 02:33:09,551 - ERROR - 20616 - Id: 18, Code: 322, Msg: Error processing request.-'bQ' : cause - Duplicate ticker id
2025-08-16 02:33:09,555 - ERROR - 20616 - Id: 17, Code: 322, Msg: Error processing request.-'bQ' : cause - Duplicate ticker id
2025-08-16 02:33:09,559 - INFO - 18768 - Subscribing contract 0,QQQ,OPT,20250816,0,C,100,SMART,,USD,,,False,,combo: ticker_id 31
2025-08-16 02:33:09,561 - ERROR - 20616 - Id: 18, Code: 322, Msg: Error processing request.-'bQ' : cause - Duplicate ticker id
2025-08-16 02:33:09,565 - ERROR - 20616 - Id: 17, Code: 322, Msg: Error processing request.-'bQ' : cause - Duplicate ticker id
2025-08-16 02:33:09,567 - INFO - 18768 - Subscribing contract 0,QQQ,OPT,20250816,0,P,100,SMART,,USD,,,False,,combo: ticker_id 32
2025-08-16 02:33:09,571 - ERROR - 20616 - Id: 18, Code: 322, Msg: Error processing request.-'bQ' : cause - Duplicate ticker id
2025-08-16 02:33:09,575 - INFO - 18768 - Subscribing contract 0,QQQ,OPT,20250816,541.0,C,100,SMART,,USD,,,False,,combo: ticker_id 33
2025-08-16 02:33:09,575 - ERROR - 20616 - Id: 17, Code: 322, Msg: Error processing request.-'bQ' : cause - Duplicate ticker id
2025-08-16 02:33:09,577 - INFO - 18768 - Subscribing contract 0,QQQ,OPT,20250816,541.0,P,100,SMART,,USD,,,False,,combo: ticker_id 34
2025-08-16 02:33:09,579 - INFO - 18768 - Subscribing contract 0,QQQ,OPT,20250816,0,C,100,SMART,,USD,,,False,,combo: ticker_id 35
2025-08-16 02:33:09,583 - INFO - 18768 - Subscribing contract 0,QQQ,OPT,20250816,0,P,100,SMART,,USD,,,False,,combo: ticker_id 36
2025-08-16 02:33:09,590 - INFO - 18768 - Subscribing contract 0,QQQ,OPT,20250816,0,C,100,SMART,,USD,,,False,,combo: ticker_id 37
2025-08-16 02:33:09,594 - ERROR - 20616 - Id: 18, Code: 322, Msg: Error processing request.-'bQ' : cause - Duplicate ticker id
2025-08-16 02:33:09,596 - INFO - 18768 - Subscribing contract 0,QQQ,OPT,20250816,0,P,100,SMART,,USD,,,False,,combo: ticker_id 38
2025-08-16 02:33:09,597 - ERROR - 20616 - Id: 17, Code: 322, Msg: Error processing request.-'bQ' : cause - Duplicate ticker id
2025-08-16 02:33:09,599 - INFO - 18768 - Subscribing contract 0,QQQ,OPT,20250816,0,C,100,SMART,,USD,,,False,,combo: ticker_id 39
2025-08-16 02:33:09,600 - ERROR - 20616 - Id: 19, Code: 200, Msg: No security definition has been found for the request
2025-08-16 02:33:09,604 - INFO - 18768 - Subscribing contract 0,QQQ,OPT,20250816,0,P,100,SMART,,USD,,,False,,combo: ticker_id 40
2025-08-16 02:33:09,605 - ERROR - 20616 - Id: 20, Code: 200, Msg: No security definition has been found for the request
2025-08-16 02:33:09,607 - INFO - 18768 - Subscribing contract 0,SPY,OPT,20250816,0,C,100,SMART,,USD,,,False,,combo: ticker_id 41
2025-08-16 02:33:09,608 - ERROR - 20616 - Id: 18, Code: 322, Msg: Error processing request.-'bQ' : cause - Duplicate ticker id
2025-08-16 02:33:09,610 - ERROR - 20616 - Id: 21, Code: 322, Msg: Error processing request.-'bQ' : cause - Duplicate ticker id
2025-08-16 02:33:09,613 - INFO - 18768 - Subscribing contract 0,SPY,OPT,20250816,0,P,100,SMART,,USD,,,False,,combo: ticker_id 42
2025-08-16 02:33:09,618 - ERROR - 20616 - Id: 22, Code: 322, Msg: Error processing request.-'bQ' : cause - Duplicate ticker id
2025-08-16 02:33:09,619 - INFO - 18768 - Subscribing contract 0,SPY,OPT,20250816,0,C,100,SMART,,USD,,,False,,combo: ticker_id 43
2025-08-16 02:33:09,622 - INFO - 18768 - Subscribing contract 0,SPY,OPT,20250816,0,P,100,SMART,,USD,,,False,,combo: ticker_id 44
2025-08-16 02:33:09,627 - ERROR - 20616 - Id: 21, Code: 322, Msg: Error processing request.-'bQ' : cause - Duplicate ticker id
2025-08-16 02:33:09,629 - ERROR - 20616 - Id: 22, Code: 322, Msg: Error processing request.-'bQ' : cause - Duplicate ticker id
2025-08-16 02:33:09,630 - INFO - 18768 - Subscribing contract 0,SPY,OPT,20250816,0,C,100,SMART,,USD,,,False,,combo: ticker_id 45
2025-08-16 02:33:09,632 - INFO - 18768 - Subscribing contract 0,SPY,OPT,20250816,0,P,100,SMART,,USD,,,False,,combo: ticker_id 46
2025-08-16 02:33:09,632 - ERROR - 20616 - Id: 21, Code: 322, Msg: Error processing request.-'bQ' : cause - Duplicate ticker id
2025-08-16 02:33:09,634 - INFO - 18768 - Subscribing contract 0,SPY,OPT,20250816,0,C,100,SMART,,USD,,,False,,combo: ticker_id 47
2025-08-16 02:33:09,636 - ERROR - 20616 - Id: 22, Code: 322, Msg: Error processing request.-'bQ' : cause - Duplicate ticker id
2025-08-16 02:33:09,638 - INFO - 18768 - Subscribing contract 0,SPY,OPT,20250816,0,P,100,SMART,,USD,,,False,,combo: ticker_id 48
2025-08-16 02:33:09,639 - ERROR - 20616 - Id: 21, Code: 322, Msg: Error processing request.-'bQ' : cause - Duplicate ticker id
2025-08-16 02:33:09,641 - INFO - 18768 - Subscribing contract 0,SPY,OPT,20250816,611.0,C,100,SMART,,USD,,,False,,combo: ticker_id 49
2025-08-16 02:33:09,642 - ERROR - 20616 - Id: 22, Code: 322, Msg: Error processing request.-'bQ' : cause - Duplicate ticker id
2025-08-16 02:33:09,644 - INFO - 18768 - Subscribing contract 0,SPY,OPT,20250816,611.0,P,100,SMART,,USD,,,False,,combo: ticker_id 50
2025-08-16 02:33:09,645 - ERROR - 20616 - Id: 21, Code: 322, Msg: Error processing request.-'bQ' : cause - Duplicate ticker id
2025-08-16 02:33:09,650 - INFO - 18768 - Subscribing contract 0,SPY,OPT,20250816,0,C,100,SMART,,USD,,,False,,combo: ticker_id 51
2025-08-16 02:33:09,652 - ERROR - 20616 - Id: 22, Code: 322, Msg: Error processing request.-'bQ' : cause - Duplicate ticker id
2025-08-16 02:33:09,653 - INFO - 18768 - Subscribing contract 0,SPY,OPT,20250816,0,P,100,SMART,,USD,,,False,,combo: ticker_id 52
2025-08-16 02:33:09,654 - ERROR - 20616 - Id: 21, Code: 322, Msg: Error processing request.-'bQ' : cause - Duplicate ticker id
2025-08-16 02:33:09,655 - INFO - 18768 - Subscribing contract 0,SPY,OPT,20250816,0,C,100,SMART,,USD,,,False,,combo: ticker_id 53
2025-08-16 02:33:09,656 - ERROR - 20616 - Id: 22, Code: 322, Msg: Error processing request.-'bQ' : cause - Duplicate ticker id
2025-08-16 02:33:09,657 - INFO - 18768 - Subscribing contract 0,SPY,OPT,20250816,0,P,100,SMART,,USD,,,False,,combo: ticker_id 54
2025-08-16 02:33:09,658 - ERROR - 20616 - Id: 14, Code: 200, Msg: No security definition has been found for the request
2025-08-16 02:33:09,661 - INFO - 18768 - Subscribing contract 0,SPY,OPT,20250816,0,C,100,SMART,,USD,,,False,,combo: ticker_id 55
2025-08-16 02:33:09,661 - ERROR - 20616 - Id: 13, Code: 200, Msg: No security definition has been found for the request
2025-08-16 02:33:09,662 - INFO - 18768 - Subscribing contract 0,SPY,OPT,20250816,0,P,100,SMART,,USD,,,False,,combo: ticker_id 56
2025-08-16 02:33:09,663 - ERROR - 20616 - Id: 33, Code: 200, Msg: No security definition has been found for the request
2025-08-16 02:33:09,664 - INFO - 18768 - Subscribing contract 0,SPX,OPT,20250815,0,C,100,SMART,,USD,,,False,,combo: ticker_id 57
2025-08-16 02:33:09,665 - INFO - 18768 - Subscribing contract 0,SPX,OPT,20250815,0,P,100,SMART,,USD,,,False,,combo: ticker_id 58
2025-08-16 02:33:09,666 - INFO - 18768 - Subscribing contract 0,SPX,OPT,20250815,0,C,100,SMART,,USD,,,False,,combo: ticker_id 59
2025-08-16 02:33:09,667 - INFO - 18768 - Subscribing contract 0,SPX,OPT,20250815,0,P,100,SMART,,USD,,,False,,combo: ticker_id 60
2025-08-16 02:33:09,673 - INFO - 18768 - Subscribing contract 0,SPX,OPT,20250815,0,C,100,SMART,,USD,,,False,,combo: ticker_id 61
2025-08-16 02:33:09,674 - INFO - 18768 - Subscribing contract 0,SPX,OPT,20250815,0,P,100,SMART,,USD,,,False,,combo: ticker_id 62
2025-08-16 02:33:09,675 - INFO - 18768 - Subscribing contract 0,SPX,OPT,20250815,0,C,100,SMART,,USD,,,False,,combo: ticker_id 63
2025-08-16 02:33:09,676 - INFO - 18768 - Subscribing contract 0,SPX,OPT,20250815,0,P,100,SMART,,USD,,,False,,combo: ticker_id 64
2025-08-16 02:33:09,677 - INFO - 18768 - Subscribing contract 0,SPX,OPT,20250815,200.0,C,100,SMART,,USD,,,False,,combo: ticker_id 65
2025-08-16 02:33:09,678 - INFO - 18768 - Subscribing contract 0,SPX,OPT,20250815,200.0,P,100,SMART,,USD,,,False,,combo: ticker_id 66
2025-08-16 02:33:09,679 - INFO - 18768 - Subscribing contract 0,SPX,OPT,20250815,0,C,100,SMART,,USD,,,False,,combo: ticker_id 67
2025-08-16 02:33:09,680 - INFO - 18768 - Subscribing contract 0,SPX,OPT,20250815,0,P,100,SMART,,USD,,,False,,combo: ticker_id 68
2025-08-16 02:33:09,684 - INFO - 18768 - Subscribing contract 0,SPX,OPT,20250815,0,C,100,SMART,,USD,,,False,,combo: ticker_id 69
2025-08-16 02:33:09,685 - INFO - 18768 - Subscribing contract 0,SPX,OPT,20250815,0,P,100,SMART,,USD,,,False,,combo: ticker_id 70
2025-08-16 02:33:09,686 - INFO - 18768 - Subscribing contract 0,SPX,OPT,20250815,0,C,100,SMART,,USD,,,False,,combo: ticker_id 71
2025-08-16 02:33:09,687 - INFO - 18768 - Subscribing contract 0,SPX,OPT,20250815,0,P,100,SMART,,USD,,,False,,combo: ticker_id 72
2025-08-16 02:33:09,687 - INFO - 18768 - Fetching All strikes/Expiries List for all stocks. = ['QQQ', 'SPY', 'SPX']
2025-08-16 02:33:09,696 - ERROR - 20616 - Id: 34, Code: 200, Msg: No security definition has been found for the request
2025-08-16 02:33:09,719 - INFO - 18768 - $$$$$$$$$$$$$$$$$$$$$$$$$$$$$$$$$$$$$$$$$$$$$$$$$$$$$$$$$$$$$$$$$$$$$$$$$$$$$$$$$$$$$$$$$$$$$$$$$$$
2025-08-16 02:33:09,720 - INFO - 18768 - $$$$$$$$$$$$$$$$$$$$$$$$$$$$$$$$$ synchronize positions from DB CHECK $$$$$$$$$$$$$$$$$$$$$$$$$$$$$$$$$
2025-08-16 02:33:09,724 - INFO - 18768 - $$$$$$$$$$$$$$$$$$$$$$$$$$$$$$$$$$$$$$$$$$$$$$$$$$$$$$$$$$$$$$$$$$$$$$$$$$$$$$$$$$$$$$$$$$$$$$$$$$$
2025-08-16 02:33:09,725 - INFO - 18768 - get BUY filled order
2025-08-16 02:33:09,726 - INFO - 18768 - Filled Order: OptionOrder(id=21920, conId=None, symbol='NVDA', expiration='20250815', strike=185.0, right='CALL', order_type='MKT', order_side='BUY', order_qty=1, order_price=1.81, order_status='filled', executed_qty=1, average_price=1.98, profit_price=2.22, stoploss_price=1.45, profit_trigger=0, current_profit_price=2.22, profit_increment=0.03, contract=None, exit_placed=0, exit_order=0, active=1, ref_order_id=None)
2025-08-16 02:33:09,727 - INFO - 18768 - $$$$$$$$$$$$$$$$$$$$$$$$$$$$$$$$$$$$$$$$$$$$$$$$$$$$$$$$$$$$$$$$$$$$$$$$$$$$$$$$$$$$$$$$$$$$$$$$$$$$$$$$$$$$$$$$$$$$$$$$$$$
2025-08-16 02:33:09,727 - INFO - 18768 - synchronize orders
2025-08-16 02:33:09,728 - INFO - 18768 - $$$$$$$$$$$$$$$$$$$$$$$$$$$$$$$$$$$$$$$$$$$$$$$$$$$$$$$$$$$$$$$$$$$$$$$$$$$$$$$$$$$$$$$$$$$$$$$$$$$$$$$$$$$$$$$$$$$$$$$$$$$
2025-08-16 02:33:09,730 - INFO - 7660 - Starting event processor #1
2025-08-16 02:33:09,733 - INFO - 12424 - Starting event processor #2
2025-08-16 02:33:09,739 - INFO - 18232 - Starting event processor #3
2025-08-16 02:33:09,757 - INFO - 33548 - Starting event processor #4
2025-08-16 02:33:10,574 - ERROR - 20616 - Id: 17, Code: 200, Msg: No security definition has been found for the request
2025-08-16 02:33:10,640 - ERROR - 20616 - Id: 49, Code: 200, Msg: No security definition has been found for the request
2025-08-16 02:33:10,682 - ERROR - 20616 - Id: 50, Code: 200, Msg: No security definition has been found for the request
2025-08-16 02:33:15,574 - ERROR - 20616 - Id: 18, Code: 200, Msg: No security definition has been found for the request
2025-08-16 02:33:20,636 - ERROR - 20616 - Id: 21, Code: 200, Msg: The contract description specified for SPX is ambiguous.
2025-08-16 02:33:25,638 - ERROR - 20616 - Id: 22, Code: 200, Msg: The contract description specified for SPX is ambiguous.
2025-08-16 02:34:00,098 - INFO - 16968 - Starting BOT
2025-08-16 02:34:00,108 - INFO - 16968 - expiry To Trade is = 20250815
2025-08-16 02:34:00,120 - INFO - 16968 - expiry To Trade is = 20250818
2025-08-16 02:34:00,122 - INFO - 16968 - 
 trade_time_dict is = {'QQQ_CALL': datetime.datetime(2025, 8, 16, 2, 34, 0, 122868), 'QQQ_PUT': datetime.datetime(2025, 8, 16, 2, 34, 0, 122868), 'SPY_CALL': datetime.datetime(2025, 8, 16, 2, 34, 0, 122868), 'SPY_PUT': datetime.datetime(2025, 8, 16, 2, 34, 0, 122868), 'SPX_CALL': datetime.datetime(2025, 8, 16, 2, 34, 0, 122868), 'SPX_PUT': datetime.datetime(2025, 8, 16, 2, 34, 0, 122868)}

2025-08-16 02:34:00,127 - INFO - 16968 - Signal Dict is = {'QQQ': {'last_signal': '', 'current_signal': '', 'last_trade_short_strike': '', 'last_trade_buy_strike': '', 'right': '', 'conIdDetails_short': '', 'conIdDetails_buy': ''}, 'SPY': {'last_signal': '', 'current_signal': '', 'last_trade_short_strike': '', 'last_trade_buy_strike': '', 'right': '', 'conIdDetails_short': '', 'conIdDetails_buy': ''}, 'SPX': {'last_signal': '', 'current_signal': '', 'last_trade_short_strike': '', 'last_trade_buy_strike': '', 'right': '', 'conIdDetails_short': '', 'conIdDetails_buy': ''}}
2025-08-16 02:34:00,132 - INFO - 42340 - starting handle orders queue
2025-08-16 02:34:00,139 - INFO - 42340 - get all option orders
2025-08-16 02:34:00,140 - INFO - 42340 - OptionOrder(id=21919, conId=None, symbol='GOOG', expiration='20250815', strike=202.5, right='CALL', order_type='LMT', order_side='BUY', order_qty=1, order_price=2.31, order_status='cancelled', executed_qty=0, average_price=0.0, profit_price=2.61, stoploss_price=2.04, profit_trigger=0, current_profit_price=2.61, profit_increment=0.03, contract=None, exit_placed=0, exit_order=0, active=1, ref_order_id=None)
2025-08-16 02:34:00,142 - INFO - 42340 - OptionOrder(id=21920, conId=None, symbol='NVDA', expiration='20250815', strike=185.0, right='CALL', order_type='MKT', order_side='BUY', order_qty=1, order_price=1.81, order_status='filled', executed_qty=1, average_price=1.98, profit_price=2.22, stoploss_price=1.45, profit_trigger=0, current_profit_price=2.22, profit_increment=0.03, contract=None, exit_placed=0, exit_order=0, active=1, ref_order_id=None)
2025-08-16 02:34:00,143 - INFO - 42340 - OptionOrder(id=21921, conId=None, symbol='AMD', expiration='20250815', strike=177.5, right='CALL', order_type='LMT', order_side='BUY', order_qty=1, order_price=3.25, order_status='cancelled', executed_qty=0, average_price=0.0, profit_price=3.66, stoploss_price=2.43, profit_trigger=0, current_profit_price=3.66, profit_increment=0.03, contract=None, exit_placed=0, exit_order=0, active=1, ref_order_id=None)
2025-08-16 02:34:00,145 - INFO - 42340 - OptionOrder(id=21922, conId=None, symbol='MSFT', expiration='20250815', strike=527.5, right='CALL', order_type='LMT', order_side='BUY', order_qty=1, order_price=2.68, order_status='cancelled', executed_qty=0, average_price=0.0, profit_price=2.97, stoploss_price=2.1, profit_trigger=0, current_profit_price=2.97, profit_increment=0.03, contract=None, exit_placed=0, exit_order=0, active=1, ref_order_id=None)
2025-08-16 02:34:00,149 - INFO - 42340 - OptionOrder(id=21923, conId=None, symbol='UPST', expiration='20250815', strike=65.0, right='PUT', order_type='LMT', order_side='BUY', order_qty=1, order_price=1.95, order_status='cancelled', executed_qty=0, average_price=0.0, profit_price=2.33, stoploss_price=1.18, profit_trigger=0, current_profit_price=2.33, profit_increment=0.03, contract=None, exit_placed=0, exit_order=0, active=1, ref_order_id=None)
2025-08-16 02:34:00,149 - INFO - 16968 - TWS connected.
2025-08-16 02:34:00,661 - INFO - 14856 - setting nextValidOrderId: 203
2025-08-16 02:34:00,661 - INFO - 16968 - Checking timeCheckAndCloseProgram
2025-08-16 02:34:00,663 - INFO - 14856 - NextValidId: 203
2025-08-16 02:34:00,664 - INFO - 16968 - get_PNL for account : DU5690365
2025-08-16 02:34:00,665 - INFO - 16968 - PNL Data for account : {}
2025-08-16 02:34:00,666 - INFO - 16968 - Account DU5690365 PNL is 0.0
2025-08-16 02:34:00,670 - INFO - 16968 - timeCheckAndCloseProgram:=>> Market Time is = 02-34 <=1545. Keep Going Trade
2025-08-16 02:34:00,671 - INFO - 16968 - Accoun Current: $0.0 SL: -$250.0 TP: $300.0...
2025-08-16 02:34:00,672 - INFO - 16968 - Request Open Orders
2025-08-16 02:34:00,673 - INFO - 16968 - Request Positions
2025-08-16 02:34:00,675 - INFO - 16968 - Request PnL
2025-08-16 02:34:00,684 - ERROR - 14856 - Id: -1, Code: 2104, Msg: Market data farm connection is OK:cashfarm
2025-08-16 02:34:00,686 - ERROR - 14856 - Id: -1, Code: 2104, Msg: Market data farm connection is OK:uscrypto
2025-08-16 02:34:00,690 - ERROR - 14856 - Id: -1, Code: 2104, Msg: Market data farm connection is OK:usfuture
2025-08-16 02:34:00,691 - ERROR - 14856 - Id: -1, Code: 2104, Msg: Market data farm connection is OK:usfarm.nj
2025-08-16 02:34:00,692 - ERROR - 14856 - Id: -1, Code: 2104, Msg: Market data farm connection is OK:usfarm
2025-08-16 02:34:00,693 - ERROR - 14856 - Id: -1, Code: 2104, Msg: Market data farm connection is OK:usopt
2025-08-16 02:34:00,700 - ERROR - 14856 - Id: -1, Code: 2106, Msg: HMDS data farm connection is OK:euhmds
2025-08-16 02:34:00,702 - ERROR - 14856 - Id: -1, Code: 2106, Msg: HMDS data farm connection is OK:cashhmds
2025-08-16 02:34:00,704 - ERROR - 14856 - Id: -1, Code: 2106, Msg: HMDS data farm connection is OK:fundfarm
2025-08-16 02:34:00,705 - ERROR - 14856 - Id: -1, Code: 2106, Msg: HMDS data farm connection is OK:ushmds
2025-08-16 02:34:00,706 - ERROR - 14856 - Id: -1, Code: 2158, Msg: Sec-def data farm connection is OK:secdefnj
2025-08-16 02:34:00,706 - INFO - 14856 - managed accounts: U6987141
2025-08-16 02:34:00,707 - INFO - 14856 - openOrderEnd
2025-08-16 02:34:00,710 - INFO - 14856 - positionEnd
2025-08-16 02:34:00,796 - ERROR - 14856 - Id: 10001, Code: 321, Msg: Error validating request.-'cj' : cause - Invalid account code
2025-08-16 02:34:04,186 - INFO - 16968 - Subscribing contract 320227571,QQQ,STK,,0.0,,,SMART,ISLAND,USD,QQQ,NMS,False,,combo: ticker_id 4
2025-08-16 02:34:04,192 - INFO - 16968 - Subscribing contract 756733,SPY,STK,,0.0,,,SMART,ARCA,USD,SPY,SPY,False,,combo: ticker_id 6
2025-08-16 02:34:04,195 - INFO - 16968 - Subscribing contract 416904,SPX,IND,,0.0,,,CBOE,,USD,SPX,,False,,combo: ticker_id 8
2025-08-16 02:34:04,335 - ERROR - 14856 - Id: 5, Code: 2176, Msg: Warning: Your API version does not support fractional share size rules. Please upgrade to a minimum version 163. Trimmed value 22.22 to 22
2025-08-16 02:34:04,495 - ERROR - 14856 - Id: 7, Code: 2176, Msg: Warning: Your API version does not support fractional share size rules. Please upgrade to a minimum version 163. Trimmed value 241.53 to 241
2025-08-16 02:34:07,201 - INFO - 16968 - QQQ get strikes.
2025-08-16 02:34:09,226 - INFO - 16968 - SPY get strikes.
2025-08-16 02:34:10,733 - INFO - 16968 - SPX get strikes.
2025-08-16 02:34:11,241 - INFO - 16968 - QQQ UNDERLYING PRICE IS = -1
2025-08-16 02:34:11,244 - INFO - 16968 - Subscribing contract 0,QQQ,OPT,20250818,0,C,100,SMART,,USD,,,False,,combo: ticker_id 13
2025-08-16 02:34:11,247 - INFO - 16968 - Subscribing contract 0,QQQ,OPT,20250818,0,P,100,SMART,,USD,,,False,,combo: ticker_id 14
2025-08-16 02:34:11,249 - INFO - 16968 - Subscribing contract 0,QQQ,OPT,20250818,0,C,100,SMART,,USD,,,False,,combo: ticker_id 13
2025-08-16 02:34:11,252 - INFO - 16968 - Subscribing contract 0,QQQ,OPT,20250818,0,P,100,SMART,,USD,,,False,,combo: ticker_id 14
2025-08-16 02:34:11,260 - INFO - 16968 - Subscribing contract 0,QQQ,OPT,20250818,0,C,100,SMART,,USD,,,False,,combo: ticker_id 13
2025-08-16 02:34:11,263 - INFO - 16968 - Subscribing contract 0,QQQ,OPT,20250818,0,P,100,SMART,,USD,,,False,,combo: ticker_id 14
2025-08-16 02:34:11,267 - INFO - 16968 - Subscribing contract 0,QQQ,OPT,20250818,0,C,100,SMART,,USD,,,False,,combo: ticker_id 13
2025-08-16 02:34:11,269 - INFO - 16968 - Subscribing contract 0,QQQ,OPT,20250818,0,P,100,SMART,,USD,,,False,,combo: ticker_id 14
2025-08-16 02:34:11,270 - INFO - 16968 - Subscribing contract 0,QQQ,OPT,20250818,541.0,C,100,SMART,,USD,,,False,,combo: ticker_id 15
2025-08-16 02:34:11,271 - INFO - 16968 - Subscribing contract 0,QQQ,OPT,20250818,541.0,P,100,SMART,,USD,,,False,,combo: ticker_id 16
2025-08-16 02:34:11,272 - INFO - 16968 - Subscribing contract 0,QQQ,OPT,20250818,0,C,100,SMART,,USD,,,False,,combo: ticker_id 13
2025-08-16 02:34:11,275 - INFO - 16968 - Subscribing contract 0,QQQ,OPT,20250818,0,P,100,SMART,,USD,,,False,,combo: ticker_id 14
2025-08-16 02:34:11,277 - INFO - 16968 - Subscribing contract 0,QQQ,OPT,20250818,0,C,100,SMART,,USD,,,False,,combo: ticker_id 13
2025-08-16 02:34:11,279 - INFO - 16968 - Subscribing contract 0,QQQ,OPT,20250818,0,P,100,SMART,,USD,,,False,,combo: ticker_id 14
2025-08-16 02:34:11,280 - INFO - 16968 - Subscribing contract 0,QQQ,OPT,20250818,0,C,100,SMART,,USD,,,False,,combo: ticker_id 13
2025-08-16 02:34:11,281 - INFO - 16968 - Subscribing contract 0,QQQ,OPT,20250818,0,P,100,SMART,,USD,,,False,,combo: ticker_id 14
2025-08-16 02:34:11,283 - INFO - 16968 - SPY UNDERLYING PRICE IS = -1
2025-08-16 02:34:11,286 - INFO - 16968 - Subscribing contract 0,SPY,OPT,20250818,0,C,100,SMART,,USD,,,False,,combo: ticker_id 17
2025-08-16 02:34:11,288 - INFO - 16968 - Subscribing contract 0,SPY,OPT,20250818,0,P,100,SMART,,USD,,,False,,combo: ticker_id 18
2025-08-16 02:34:11,289 - INFO - 16968 - Subscribing contract 0,SPY,OPT,20250818,0,C,100,SMART,,USD,,,False,,combo: ticker_id 17
2025-08-16 02:34:11,290 - INFO - 16968 - Subscribing contract 0,SPY,OPT,20250818,0,P,100,SMART,,USD,,,False,,combo: ticker_id 18
2025-08-16 02:34:11,292 - INFO - 16968 - Subscribing contract 0,SPY,OPT,20250818,0,C,100,SMART,,USD,,,False,,combo: ticker_id 17
2025-08-16 02:34:11,293 - INFO - 16968 - Subscribing contract 0,SPY,OPT,20250818,0,P,100,SMART,,USD,,,False,,combo: ticker_id 18
2025-08-16 02:34:11,295 - INFO - 16968 - Subscribing contract 0,SPY,OPT,20250818,0,C,100,SMART,,USD,,,False,,combo: ticker_id 17
2025-08-16 02:34:11,297 - INFO - 16968 - Subscribing contract 0,SPY,OPT,20250818,0,P,100,SMART,,USD,,,False,,combo: ticker_id 18
2025-08-16 02:34:11,300 - INFO - 16968 - Subscribing contract 0,SPY,OPT,20250818,611.0,C,100,SMART,,USD,,,False,,combo: ticker_id 19
2025-08-16 02:34:11,301 - INFO - 16968 - Subscribing contract 0,SPY,OPT,20250818,611.0,P,100,SMART,,USD,,,False,,combo: ticker_id 20
2025-08-16 02:34:11,303 - INFO - 16968 - Subscribing contract 0,SPY,OPT,20250818,0,C,100,SMART,,USD,,,False,,combo: ticker_id 17
2025-08-16 02:34:11,308 - INFO - 16968 - Subscribing contract 0,SPY,OPT,20250818,0,P,100,SMART,,USD,,,False,,combo: ticker_id 18
2025-08-16 02:34:11,310 - INFO - 16968 - Subscribing contract 0,SPY,OPT,20250818,0,C,100,SMART,,USD,,,False,,combo: ticker_id 17
2025-08-16 02:34:11,312 - INFO - 16968 - Subscribing contract 0,SPY,OPT,20250818,0,P,100,SMART,,USD,,,False,,combo: ticker_id 18
2025-08-16 02:34:11,313 - INFO - 16968 - Subscribing contract 0,SPY,OPT,20250818,0,C,100,SMART,,USD,,,False,,combo: ticker_id 17
2025-08-16 02:34:11,314 - INFO - 16968 - Subscribing contract 0,SPY,OPT,20250818,0,P,100,SMART,,USD,,,False,,combo: ticker_id 18
2025-08-16 02:34:11,317 - INFO - 16968 - SPX UNDERLYING PRICE IS = -1
2025-08-16 02:34:11,328 - INFO - 16968 - Subscribing contract 0,SPX,OPT,20250815,0,C,100,SMART,,USD,,,False,,combo: ticker_id 21
2025-08-16 02:34:11,330 - INFO - 16968 - Subscribing contract 0,SPX,OPT,20250815,0,P,100,SMART,,USD,,,False,,combo: ticker_id 22
2025-08-16 02:34:11,331 - INFO - 16968 - Subscribing contract 0,SPX,OPT,20250815,0,C,100,SMART,,USD,,,False,,combo: ticker_id 21
2025-08-16 02:34:11,333 - INFO - 16968 - Subscribing contract 0,SPX,OPT,20250815,0,P,100,SMART,,USD,,,False,,combo: ticker_id 22
2025-08-16 02:34:11,334 - INFO - 16968 - Subscribing contract 0,SPX,OPT,20250815,0,C,100,SMART,,USD,,,False,,combo: ticker_id 21
2025-08-16 02:34:11,335 - INFO - 16968 - Subscribing contract 0,SPX,OPT,20250815,0,P,100,SMART,,USD,,,False,,combo: ticker_id 22
2025-08-16 02:34:11,338 - INFO - 16968 - Subscribing contract 0,SPX,OPT,20250815,0,C,100,SMART,,USD,,,False,,combo: ticker_id 21
2025-08-16 02:34:11,341 - INFO - 16968 - Subscribing contract 0,SPX,OPT,20250815,0,P,100,SMART,,USD,,,False,,combo: ticker_id 22
2025-08-16 02:34:11,343 - INFO - 16968 - Subscribing contract 0,SPX,OPT,20250815,200.0,C,100,SMART,,USD,,,False,,combo: ticker_id 23
2025-08-16 02:34:11,344 - INFO - 16968 - Subscribing contract 0,SPX,OPT,20250815,200.0,P,100,SMART,,USD,,,False,,combo: ticker_id 24
2025-08-16 02:34:11,345 - INFO - 16968 - Subscribing contract 0,SPX,OPT,20250815,0,C,100,SMART,,USD,,,False,,combo: ticker_id 21
2025-08-16 02:34:11,346 - INFO - 16968 - Subscribing contract 0,SPX,OPT,20250815,0,P,100,SMART,,USD,,,False,,combo: ticker_id 22
2025-08-16 02:34:11,348 - INFO - 16968 - Subscribing contract 0,SPX,OPT,20250815,0,C,100,SMART,,USD,,,False,,combo: ticker_id 21
2025-08-16 02:34:11,350 - INFO - 16968 - Subscribing contract 0,SPX,OPT,20250815,0,P,100,SMART,,USD,,,False,,combo: ticker_id 22
2025-08-16 02:34:11,352 - INFO - 16968 - Subscribing contract 0,SPX,OPT,20250815,0,C,100,SMART,,USD,,,False,,combo: ticker_id 21
2025-08-16 02:34:11,353 - INFO - 16968 - Subscribing contract 0,SPX,OPT,20250815,0,P,100,SMART,,USD,,,False,,combo: ticker_id 22
2025-08-16 02:34:11,450 - ERROR - 14856 - Id: 13, Code: 322, Msg: Error processing request.-'bQ' : cause - Duplicate ticker id
2025-08-16 02:34:11,550 - ERROR - 14856 - Id: 14, Code: 322, Msg: Error processing request.-'bQ' : cause - Duplicate ticker id
2025-08-16 02:34:11,650 - ERROR - 14856 - Id: 13, Code: 322, Msg: Error processing request.-'bQ' : cause - Duplicate ticker id
2025-08-16 02:34:11,750 - ERROR - 14856 - Id: 14, Code: 322, Msg: Error processing request.-'bQ' : cause - Duplicate ticker id
2025-08-16 02:34:11,850 - ERROR - 14856 - Id: 13, Code: 322, Msg: Error processing request.-'bQ' : cause - Duplicate ticker id
2025-08-16 02:34:11,950 - ERROR - 14856 - Id: 14, Code: 322, Msg: Error processing request.-'bQ' : cause - Duplicate ticker id
2025-08-16 02:34:12,250 - ERROR - 14856 - Id: 13, Code: 322, Msg: Error processing request.-'bQ' : cause - Duplicate ticker id
2025-08-16 02:34:12,268 - ERROR - 14856 - Id: 14, Code: 322, Msg: Error processing request.-'bQ' : cause - Duplicate ticker id
2025-08-16 02:34:12,274 - ERROR - 14856 - Id: 13, Code: 322, Msg: Error processing request.-'bQ' : cause - Duplicate ticker id
2025-08-16 02:34:12,276 - ERROR - 14856 - Id: 14, Code: 322, Msg: Error processing request.-'bQ' : cause - Duplicate ticker id
2025-08-16 02:34:12,277 - ERROR - 14856 - Id: 13, Code: 322, Msg: Error processing request.-'bQ' : cause - Duplicate ticker id
2025-08-16 02:34:12,278 - ERROR - 14856 - Id: 14, Code: 322, Msg: Error processing request.-'bQ' : cause - Duplicate ticker id
2025-08-16 02:34:12,279 - ERROR - 14856 - Id: 17, Code: 322, Msg: Error processing request.-'bQ' : cause - Duplicate ticker id
2025-08-16 02:34:12,280 - ERROR - 14856 - Id: 18, Code: 322, Msg: Error processing request.-'bQ' : cause - Duplicate ticker id
2025-08-16 02:34:12,281 - ERROR - 14856 - Id: 17, Code: 322, Msg: Error processing request.-'bQ' : cause - Duplicate ticker id
2025-08-16 02:34:12,283 - ERROR - 14856 - Id: 18, Code: 322, Msg: Error processing request.-'bQ' : cause - Duplicate ticker id
2025-08-16 02:34:12,285 - ERROR - 14856 - Id: 17, Code: 322, Msg: Error processing request.-'bQ' : cause - Duplicate ticker id
2025-08-16 02:34:12,287 - ERROR - 14856 - Id: 18, Code: 322, Msg: Error processing request.-'bQ' : cause - Duplicate ticker id
2025-08-16 02:34:12,290 - ERROR - 14856 - Id: 17, Code: 322, Msg: Error processing request.-'bQ' : cause - Duplicate ticker id
2025-08-16 02:34:12,295 - ERROR - 14856 - Id: 18, Code: 322, Msg: Error processing request.-'bQ' : cause - Duplicate ticker id
2025-08-16 02:34:12,301 - ERROR - 14856 - Id: 17, Code: 322, Msg: Error processing request.-'bQ' : cause - Duplicate ticker id
2025-08-16 02:34:12,350 - ERROR - 14856 - Id: 18, Code: 322, Msg: Error processing request.-'bQ' : cause - Duplicate ticker id
2025-08-16 02:34:12,351 - ERROR - 14856 - Id: 17, Code: 322, Msg: Error processing request.-'bQ' : cause - Duplicate ticker id
2025-08-16 02:34:12,354 - ERROR - 14856 - Id: 18, Code: 322, Msg: Error processing request.-'bQ' : cause - Duplicate ticker id
2025-08-16 02:34:12,356 - ERROR - 14856 - Id: 21, Code: 322, Msg: Error processing request.-'bQ' : cause - Duplicate ticker id
2025-08-16 02:34:12,357 - ERROR - 14856 - Id: 22, Code: 322, Msg: Error processing request.-'bQ' : cause - Duplicate ticker id
2025-08-16 02:34:12,359 - ERROR - 14856 - Id: 21, Code: 322, Msg: Error processing request.-'bQ' : cause - Duplicate ticker id
2025-08-16 02:34:12,360 - ERROR - 14856 - Id: 22, Code: 322, Msg: Error processing request.-'bQ' : cause - Duplicate ticker id
2025-08-16 02:34:12,361 - ERROR - 14856 - Id: 21, Code: 322, Msg: Error processing request.-'bQ' : cause - Duplicate ticker id
2025-08-16 02:34:12,450 - ERROR - 14856 - Id: 22, Code: 322, Msg: Error processing request.-'bQ' : cause - Duplicate ticker id
2025-08-16 02:34:12,452 - ERROR - 14856 - Id: 21, Code: 322, Msg: Error processing request.-'bQ' : cause - Duplicate ticker id
2025-08-16 02:34:12,455 - ERROR - 14856 - Id: 22, Code: 322, Msg: Error processing request.-'bQ' : cause - Duplicate ticker id
2025-08-16 02:34:12,551 - ERROR - 14856 - Id: 21, Code: 322, Msg: Error processing request.-'bQ' : cause - Duplicate ticker id
2025-08-16 02:34:12,552 - ERROR - 14856 - Id: 22, Code: 322, Msg: Error processing request.-'bQ' : cause - Duplicate ticker id
2025-08-16 02:34:12,555 - ERROR - 14856 - Id: 21, Code: 322, Msg: Error processing request.-'bQ' : cause - Duplicate ticker id
2025-08-16 02:34:12,651 - ERROR - 14856 - Id: 22, Code: 322, Msg: Error processing request.-'bQ' : cause - Duplicate ticker id
2025-08-16 02:34:21,356 - INFO - 16968 - Subscribing contract 0,QQQ,OPT,20250818,0,C,100,SMART,,USD,,,False,,combo: ticker_id 25
2025-08-16 02:35:09,613 - INFO - 7536 - Starting BOT
2025-08-16 02:35:09,628 - INFO - 7536 - expiry To Trade is = 20250818
2025-08-16 02:35:09,631 - INFO - 7536 - expiry To Trade is = 20250818
2025-08-16 02:35:09,632 - INFO - 7536 - 
 trade_time_dict is = {'QQQ_CALL': datetime.datetime(2025, 8, 16, 2, 35, 9, 631539), 'QQQ_PUT': datetime.datetime(2025, 8, 16, 2, 35, 9, 631539), 'SPY_CALL': datetime.datetime(2025, 8, 16, 2, 35, 9, 631539), 'SPY_PUT': datetime.datetime(2025, 8, 16, 2, 35, 9, 631539), 'SPX_CALL': datetime.datetime(2025, 8, 16, 2, 35, 9, 631539), 'SPX_PUT': datetime.datetime(2025, 8, 16, 2, 35, 9, 631539)}

2025-08-16 02:35:09,633 - INFO - 7536 - Signal Dict is = {'QQQ': {'last_signal': '', 'current_signal': '', 'last_trade_short_strike': '', 'last_trade_buy_strike': '', 'right': '', 'conIdDetails_short': '', 'conIdDetails_buy': ''}, 'SPY': {'last_signal': '', 'current_signal': '', 'last_trade_short_strike': '', 'last_trade_buy_strike': '', 'right': '', 'conIdDetails_short': '', 'conIdDetails_buy': ''}, 'SPX': {'last_signal': '', 'current_signal': '', 'last_trade_short_strike': '', 'last_trade_buy_strike': '', 'right': '', 'conIdDetails_short': '', 'conIdDetails_buy': ''}}
2025-08-16 02:35:09,640 - INFO - 12976 - starting handle orders queue
2025-08-16 02:35:09,648 - INFO - 12976 - get all option orders
2025-08-16 02:35:09,651 - INFO - 12976 - OptionOrder(id=21919, conId=None, symbol='GOOG', expiration='20250815', strike=202.5, right='CALL', order_type='LMT', order_side='BUY', order_qty=1, order_price=2.31, order_status='cancelled', executed_qty=0, average_price=0.0, profit_price=2.61, stoploss_price=2.04, profit_trigger=0, current_profit_price=2.61, profit_increment=0.03, contract=None, exit_placed=0, exit_order=0, active=1, ref_order_id=None)
2025-08-16 02:35:09,652 - INFO - 12976 - OptionOrder(id=21920, conId=None, symbol='NVDA', expiration='20250815', strike=185.0, right='CALL', order_type='MKT', order_side='BUY', order_qty=1, order_price=1.81, order_status='filled', executed_qty=1, average_price=1.98, profit_price=2.22, stoploss_price=1.45, profit_trigger=0, current_profit_price=2.22, profit_increment=0.03, contract=None, exit_placed=0, exit_order=0, active=1, ref_order_id=None)
2025-08-16 02:35:09,655 - INFO - 12976 - OptionOrder(id=21921, conId=None, symbol='AMD', expiration='20250815', strike=177.5, right='CALL', order_type='LMT', order_side='BUY', order_qty=1, order_price=3.25, order_status='cancelled', executed_qty=0, average_price=0.0, profit_price=3.66, stoploss_price=2.43, profit_trigger=0, current_profit_price=3.66, profit_increment=0.03, contract=None, exit_placed=0, exit_order=0, active=1, ref_order_id=None)
2025-08-16 02:35:09,656 - INFO - 7536 - TWS connected.
2025-08-16 02:35:09,657 - INFO - 12976 - OptionOrder(id=21922, conId=None, symbol='MSFT', expiration='20250815', strike=527.5, right='CALL', order_type='LMT', order_side='BUY', order_qty=1, order_price=2.68, order_status='cancelled', executed_qty=0, average_price=0.0, profit_price=2.97, stoploss_price=2.1, profit_trigger=0, current_profit_price=2.97, profit_increment=0.03, contract=None, exit_placed=0, exit_order=0, active=1, ref_order_id=None)
2025-08-16 02:35:09,661 - INFO - 12976 - OptionOrder(id=21923, conId=None, symbol='UPST', expiration='20250815', strike=65.0, right='PUT', order_type='LMT', order_side='BUY', order_qty=1, order_price=1.95, order_status='cancelled', executed_qty=0, average_price=0.0, profit_price=2.33, stoploss_price=1.18, profit_trigger=0, current_profit_price=2.33, profit_increment=0.03, contract=None, exit_placed=0, exit_order=0, active=1, ref_order_id=None)
2025-08-16 02:35:10,162 - INFO - 2732 - setting nextValidOrderId: 203
2025-08-16 02:35:10,163 - INFO - 7536 - Checking timeCheckAndCloseProgram
2025-08-16 02:35:10,164 - INFO - 2732 - NextValidId: 203
2025-08-16 02:35:10,164 - INFO - 7536 - get_PNL for account : DU5690365
2025-08-16 02:35:10,165 - INFO - 7536 - PNL Data for account : {}
2025-08-16 02:35:10,166 - ERROR - 2732 - Id: -1, Code: 2104, Msg: Market data farm connection is OK:cashfarm
2025-08-16 02:35:10,166 - INFO - 7536 - Account DU5690365 PNL is 0.0
2025-08-16 02:35:10,167 - INFO - 7536 - timeCheckAndCloseProgram:=>> Market Time is = 02-35 <=1545. Keep Going Trade
2025-08-16 02:35:10,167 - ERROR - 2732 - Id: -1, Code: 2104, Msg: Market data farm connection is OK:uscrypto
2025-08-16 02:35:10,168 - INFO - 7536 - Accoun Current: $0.0 SL: -$250.0 TP: $300.0...
2025-08-16 02:35:10,168 - INFO - 7536 - Request Open Orders
2025-08-16 02:35:10,169 - ERROR - 2732 - Id: -1, Code: 2104, Msg: Market data farm connection is OK:usfuture
2025-08-16 02:35:10,170 - INFO - 7536 - Request Positions
2025-08-16 02:35:10,172 - ERROR - 2732 - Id: -1, Code: 2104, Msg: Market data farm connection is OK:usfarm.nj
2025-08-16 02:35:10,173 - INFO - 7536 - Request PnL
2025-08-16 02:35:10,174 - ERROR - 2732 - Id: -1, Code: 2104, Msg: Market data farm connection is OK:usfarm
2025-08-16 02:35:10,176 - ERROR - 2732 - Id: -1, Code: 2104, Msg: Market data farm connection is OK:usopt
2025-08-16 02:35:10,177 - ERROR - 2732 - Id: -1, Code: 2106, Msg: HMDS data farm connection is OK:euhmds
2025-08-16 02:35:10,178 - ERROR - 2732 - Id: -1, Code: 2106, Msg: HMDS data farm connection is OK:cashhmds
2025-08-16 02:35:10,179 - ERROR - 2732 - Id: -1, Code: 2106, Msg: HMDS data farm connection is OK:fundfarm
2025-08-16 02:35:10,185 - ERROR - 2732 - Id: -1, Code: 2106, Msg: HMDS data farm connection is OK:ushmds
2025-08-16 02:35:10,188 - ERROR - 2732 - Id: -1, Code: 2158, Msg: Sec-def data farm connection is OK:secdefnj
2025-08-16 02:35:10,193 - INFO - 2732 - managed accounts: U6987141
2025-08-16 02:35:10,195 - INFO - 2732 - openOrderEnd
2025-08-16 02:35:10,201 - INFO - 2732 - positionEnd
2025-08-16 02:35:10,291 - ERROR - 2732 - Id: 10001, Code: 321, Msg: Error validating request.-'cj' : cause - Invalid account code
2025-08-16 02:35:13,681 - INFO - 7536 - Subscribing contract 320227571,QQQ,STK,,0.0,,,SMART,ISLAND,USD,QQQ,NMS,False,,combo: ticker_id 4
2025-08-16 02:35:13,687 - INFO - 7536 - Subscribing contract 756733,SPY,STK,,0.0,,,SMART,ARCA,USD,SPY,SPY,False,,combo: ticker_id 6
2025-08-16 02:35:13,698 - INFO - 7536 - Subscribing contract 416904,SPX,IND,,0.0,,,CBOE,,USD,SPX,,False,,combo: ticker_id 8
2025-08-16 02:35:13,931 - ERROR - 2732 - Id: 5, Code: 2176, Msg: Warning: Your API version does not support fractional share size rules. Please upgrade to a minimum version 163. Trimmed value 22.22 to 22
2025-08-16 02:35:14,106 - ERROR - 2732 - Id: 7, Code: 2176, Msg: Warning: Your API version does not support fractional share size rules. Please upgrade to a minimum version 163. Trimmed value 241.53 to 241
2025-08-16 02:35:16,703 - INFO - 7536 - QQQ get strikes.
2025-08-16 02:35:18,212 - INFO - 7536 - SPY get strikes.
2025-08-16 02:35:19,721 - INFO - 7536 - SPX get strikes.
2025-08-16 02:35:20,230 - INFO - 7536 - QQQ UNDERLYING PRICE IS = -1
2025-08-16 02:35:20,232 - INFO - 7536 - Subscribing contract 0,QQQ,OPT,20250818,0,C,100,SMART,,USD,,,False,,combo: ticker_id 13
2025-08-16 02:35:20,234 - INFO - 7536 - Subscribing contract 0,QQQ,OPT,20250818,0,P,100,SMART,,USD,,,False,,combo: ticker_id 14
2025-08-16 02:35:20,238 - INFO - 7536 - Subscribing contract 0,QQQ,OPT,20250818,0,C,100,SMART,,USD,,,False,,combo: ticker_id 13
2025-08-16 02:35:20,240 - INFO - 7536 - Subscribing contract 0,QQQ,OPT,20250818,0,P,100,SMART,,USD,,,False,,combo: ticker_id 14
2025-08-16 02:35:20,244 - INFO - 7536 - Subscribing contract 0,QQQ,OPT,20250818,0,C,100,SMART,,USD,,,False,,combo: ticker_id 13
2025-08-16 02:35:20,245 - INFO - 7536 - Subscribing contract 0,QQQ,OPT,20250818,0,P,100,SMART,,USD,,,False,,combo: ticker_id 14
2025-08-16 02:35:20,246 - INFO - 7536 - Subscribing contract 0,QQQ,OPT,20250818,0,C,100,SMART,,USD,,,False,,combo: ticker_id 13
2025-08-16 02:35:20,247 - INFO - 7536 - Subscribing contract 0,QQQ,OPT,20250818,0,P,100,SMART,,USD,,,False,,combo: ticker_id 14
2025-08-16 02:35:20,248 - INFO - 7536 - Subscribing contract 0,QQQ,OPT,20250818,541.0,C,100,SMART,,USD,,,False,,combo: ticker_id 15
2025-08-16 02:35:20,250 - INFO - 7536 - Subscribing contract 0,QQQ,OPT,20250818,541.0,P,100,SMART,,USD,,,False,,combo: ticker_id 16
2025-08-16 02:35:20,251 - INFO - 7536 - Subscribing contract 0,QQQ,OPT,20250818,0,C,100,SMART,,USD,,,False,,combo: ticker_id 13
2025-08-16 02:35:20,254 - INFO - 7536 - Subscribing contract 0,QQQ,OPT,20250818,0,P,100,SMART,,USD,,,False,,combo: ticker_id 14
2025-08-16 02:35:20,255 - INFO - 7536 - Subscribing contract 0,QQQ,OPT,20250818,0,C,100,SMART,,USD,,,False,,combo: ticker_id 13
2025-08-16 02:35:20,256 - INFO - 7536 - Subscribing contract 0,QQQ,OPT,20250818,0,P,100,SMART,,USD,,,False,,combo: ticker_id 14
2025-08-16 02:35:20,256 - INFO - 7536 - Subscribing contract 0,QQQ,OPT,20250818,0,C,100,SMART,,USD,,,False,,combo: ticker_id 13
2025-08-16 02:35:20,258 - INFO - 7536 - Subscribing contract 0,QQQ,OPT,20250818,0,P,100,SMART,,USD,,,False,,combo: ticker_id 14
2025-08-16 02:35:20,259 - INFO - 7536 - SPY UNDERLYING PRICE IS = -1
2025-08-16 02:35:20,260 - INFO - 7536 - Subscribing contract 0,SPY,OPT,20250818,0,C,100,SMART,,USD,,,False,,combo: ticker_id 17
2025-08-16 02:35:20,261 - INFO - 7536 - Subscribing contract 0,SPY,OPT,20250818,0,P,100,SMART,,USD,,,False,,combo: ticker_id 18
2025-08-16 02:35:20,262 - INFO - 7536 - Subscribing contract 0,SPY,OPT,20250818,0,C,100,SMART,,USD,,,False,,combo: ticker_id 17
2025-08-16 02:35:20,266 - INFO - 7536 - Subscribing contract 0,SPY,OPT,20250818,0,P,100,SMART,,USD,,,False,,combo: ticker_id 18
2025-08-16 02:35:20,267 - INFO - 7536 - Subscribing contract 0,SPY,OPT,20250818,0,C,100,SMART,,USD,,,False,,combo: ticker_id 17
2025-08-16 02:35:20,268 - INFO - 7536 - Subscribing contract 0,SPY,OPT,20250818,0,P,100,SMART,,USD,,,False,,combo: ticker_id 18
2025-08-16 02:35:20,269 - INFO - 7536 - Subscribing contract 0,SPY,OPT,20250818,0,C,100,SMART,,USD,,,False,,combo: ticker_id 17
2025-08-16 02:35:20,270 - INFO - 7536 - Subscribing contract 0,SPY,OPT,20250818,0,P,100,SMART,,USD,,,False,,combo: ticker_id 18
2025-08-16 02:35:20,270 - INFO - 7536 - Subscribing contract 0,SPY,OPT,20250818,611.0,C,100,SMART,,USD,,,False,,combo: ticker_id 19
2025-08-16 02:35:20,271 - INFO - 7536 - Subscribing contract 0,SPY,OPT,20250818,611.0,P,100,SMART,,USD,,,False,,combo: ticker_id 20
2025-08-16 02:35:20,272 - INFO - 7536 - Subscribing contract 0,SPY,OPT,20250818,0,C,100,SMART,,USD,,,False,,combo: ticker_id 17
2025-08-16 02:35:20,295 - INFO - 7536 - Subscribing contract 0,SPY,OPT,20250818,0,P,100,SMART,,USD,,,False,,combo: ticker_id 18
2025-08-16 02:35:20,297 - INFO - 7536 - Subscribing contract 0,SPY,OPT,20250818,0,C,100,SMART,,USD,,,False,,combo: ticker_id 17
2025-08-16 02:35:20,300 - INFO - 7536 - Subscribing contract 0,SPY,OPT,20250818,0,P,100,SMART,,USD,,,False,,combo: ticker_id 18
2025-08-16 02:35:20,301 - INFO - 7536 - Subscribing contract 0,SPY,OPT,20250818,0,C,100,SMART,,USD,,,False,,combo: ticker_id 17
2025-08-16 02:35:20,302 - INFO - 7536 - Subscribing contract 0,SPY,OPT,20250818,0,P,100,SMART,,USD,,,False,,combo: ticker_id 18
2025-08-16 02:35:20,304 - INFO - 7536 - SPX UNDERLYING PRICE IS = -1
2025-08-16 02:35:20,316 - INFO - 7536 - Subscribing contract 0,SPX,OPT,20250818,0,C,100,SMART,,USD,,,False,,combo: ticker_id 21
2025-08-16 02:35:20,317 - INFO - 7536 - Subscribing contract 0,SPX,OPT,20250818,0,P,100,SMART,,USD,,,False,,combo: ticker_id 22
2025-08-16 02:35:20,320 - INFO - 7536 - Subscribing contract 0,SPX,OPT,20250818,0,C,100,SMART,,USD,,,False,,combo: ticker_id 21
2025-08-16 02:35:20,322 - INFO - 7536 - Subscribing contract 0,SPX,OPT,20250818,0,P,100,SMART,,USD,,,False,,combo: ticker_id 22
2025-08-16 02:35:20,323 - INFO - 7536 - Subscribing contract 0,SPX,OPT,20250818,0,C,100,SMART,,USD,,,False,,combo: ticker_id 21
2025-08-16 02:35:20,324 - INFO - 7536 - Subscribing contract 0,SPX,OPT,20250818,0,P,100,SMART,,USD,,,False,,combo: ticker_id 22
2025-08-16 02:35:20,325 - INFO - 7536 - Subscribing contract 0,SPX,OPT,20250818,0,C,100,SMART,,USD,,,False,,combo: ticker_id 21
2025-08-16 02:35:20,326 - INFO - 7536 - Subscribing contract 0,SPX,OPT,20250818,0,P,100,SMART,,USD,,,False,,combo: ticker_id 22
2025-08-16 02:35:20,327 - INFO - 7536 - Subscribing contract 0,SPX,OPT,20250818,200.0,C,100,SMART,,USD,,,False,,combo: ticker_id 23
2025-08-16 02:35:20,328 - INFO - 7536 - Subscribing contract 0,SPX,OPT,20250818,200.0,P,100,SMART,,USD,,,False,,combo: ticker_id 24
2025-08-16 02:35:20,331 - INFO - 7536 - Subscribing contract 0,SPX,OPT,20250818,0,C,100,SMART,,USD,,,False,,combo: ticker_id 21
2025-08-16 02:35:20,332 - INFO - 7536 - Subscribing contract 0,SPX,OPT,20250818,0,P,100,SMART,,USD,,,False,,combo: ticker_id 22
2025-08-16 02:35:20,333 - INFO - 7536 - Subscribing contract 0,SPX,OPT,20250818,0,C,100,SMART,,USD,,,False,,combo: ticker_id 21
2025-08-16 02:35:20,334 - INFO - 7536 - Subscribing contract 0,SPX,OPT,20250818,0,P,100,SMART,,USD,,,False,,combo: ticker_id 22
2025-08-16 02:35:20,335 - INFO - 7536 - Subscribing contract 0,SPX,OPT,20250818,0,C,100,SMART,,USD,,,False,,combo: ticker_id 21
2025-08-16 02:35:20,336 - INFO - 7536 - Subscribing contract 0,SPX,OPT,20250818,0,P,100,SMART,,USD,,,False,,combo: ticker_id 22
2025-08-16 02:35:20,341 - ERROR - 2732 - Id: 13, Code: 322, Msg: Error processing request.-'bQ' : cause - Duplicate ticker id
2025-08-16 02:35:20,441 - ERROR - 2732 - Id: 14, Code: 322, Msg: Error processing request.-'bQ' : cause - Duplicate ticker id
2025-08-16 02:35:20,541 - ERROR - 2732 - Id: 13, Code: 322, Msg: Error processing request.-'bQ' : cause - Duplicate ticker id
2025-08-16 02:35:20,641 - ERROR - 2732 - Id: 14, Code: 322, Msg: Error processing request.-'bQ' : cause - Duplicate ticker id
2025-08-16 02:35:20,741 - ERROR - 2732 - Id: 13, Code: 322, Msg: Error processing request.-'bQ' : cause - Duplicate ticker id
2025-08-16 02:35:20,841 - ERROR - 2732 - Id: 14, Code: 322, Msg: Error processing request.-'bQ' : cause - Duplicate ticker id
2025-08-16 02:35:21,141 - ERROR - 2732 - Id: 13, Code: 322, Msg: Error processing request.-'bQ' : cause - Duplicate ticker id
2025-08-16 02:35:21,241 - ERROR - 2732 - Id: 14, Code: 322, Msg: Error processing request.-'bQ' : cause - Duplicate ticker id
2025-08-16 02:35:21,244 - ERROR - 2732 - Id: 13, Code: 322, Msg: Error processing request.-'bQ' : cause - Duplicate ticker id
2025-08-16 02:35:21,245 - ERROR - 2732 - Id: 14, Code: 322, Msg: Error processing request.-'bQ' : cause - Duplicate ticker id
2025-08-16 02:35:21,246 - ERROR - 2732 - Id: 13, Code: 322, Msg: Error processing request.-'bQ' : cause - Duplicate ticker id
2025-08-16 02:35:21,247 - ERROR - 2732 - Id: 14, Code: 322, Msg: Error processing request.-'bQ' : cause - Duplicate ticker id
2025-08-16 02:35:21,248 - ERROR - 2732 - Id: 17, Code: 322, Msg: Error processing request.-'bQ' : cause - Duplicate ticker id
2025-08-16 02:35:21,249 - ERROR - 2732 - Id: 18, Code: 322, Msg: Error processing request.-'bQ' : cause - Duplicate ticker id
2025-08-16 02:35:21,250 - ERROR - 2732 - Id: 17, Code: 322, Msg: Error processing request.-'bQ' : cause - Duplicate ticker id
2025-08-16 02:35:21,250 - ERROR - 2732 - Id: 18, Code: 322, Msg: Error processing request.-'bQ' : cause - Duplicate ticker id
2025-08-16 02:35:21,251 - ERROR - 2732 - Id: 17, Code: 322, Msg: Error processing request.-'bQ' : cause - Duplicate ticker id
2025-08-16 02:35:21,252 - ERROR - 2732 - Id: 18, Code: 322, Msg: Error processing request.-'bQ' : cause - Duplicate ticker id
2025-08-16 02:35:21,253 - ERROR - 2732 - Id: 17, Code: 322, Msg: Error processing request.-'bQ' : cause - Duplicate ticker id
2025-08-16 02:35:21,256 - ERROR - 2732 - Id: 18, Code: 322, Msg: Error processing request.-'bQ' : cause - Duplicate ticker id
2025-08-16 02:35:21,257 - ERROR - 2732 - Id: 17, Code: 322, Msg: Error processing request.-'bQ' : cause - Duplicate ticker id
2025-08-16 02:35:21,258 - ERROR - 2732 - Id: 18, Code: 322, Msg: Error processing request.-'bQ' : cause - Duplicate ticker id
2025-08-16 02:35:21,341 - ERROR - 2732 - Id: 17, Code: 322, Msg: Error processing request.-'bQ' : cause - Duplicate ticker id
2025-08-16 02:35:21,343 - ERROR - 2732 - Id: 18, Code: 322, Msg: Error processing request.-'bQ' : cause - Duplicate ticker id
2025-08-16 02:35:21,346 - ERROR - 2732 - Id: 21, Code: 322, Msg: Error processing request.-'bQ' : cause - Duplicate ticker id
2025-08-16 02:35:21,347 - ERROR - 2732 - Id: 22, Code: 322, Msg: Error processing request.-'bQ' : cause - Duplicate ticker id
2025-08-16 02:35:21,348 - ERROR - 2732 - Id: 21, Code: 322, Msg: Error processing request.-'bQ' : cause - Duplicate ticker id
2025-08-16 02:35:21,350 - ERROR - 2732 - Id: 22, Code: 322, Msg: Error processing request.-'bQ' : cause - Duplicate ticker id
2025-08-16 02:35:21,350 - ERROR - 2732 - Id: 21, Code: 322, Msg: Error processing request.-'bQ' : cause - Duplicate ticker id
2025-08-16 02:35:21,352 - ERROR - 2732 - Id: 22, Code: 322, Msg: Error processing request.-'bQ' : cause - Duplicate ticker id
2025-08-16 02:35:21,443 - ERROR - 2732 - Id: 21, Code: 322, Msg: Error processing request.-'bQ' : cause - Duplicate ticker id
2025-08-16 02:35:21,444 - ERROR - 2732 - Id: 22, Code: 322, Msg: Error processing request.-'bQ' : cause - Duplicate ticker id
2025-08-16 02:35:21,447 - ERROR - 2732 - Id: 21, Code: 322, Msg: Error processing request.-'bQ' : cause - Duplicate ticker id
2025-08-16 02:35:21,472 - ERROR - 2732 - Id: 23, Code: 200, Msg: No security definition has been found for the request
2025-08-16 02:35:21,481 - ERROR - 2732 - Id: 24, Code: 200, Msg: No security definition has been found for the request
2025-08-16 02:35:21,541 - ERROR - 2732 - Id: 22, Code: 322, Msg: Error processing request.-'bQ' : cause - Duplicate ticker id
2025-08-16 02:35:21,542 - ERROR - 2732 - Id: 21, Code: 322, Msg: Error processing request.-'bQ' : cause - Duplicate ticker id
2025-08-16 02:35:21,544 - ERROR - 2732 - Id: 22, Code: 322, Msg: Error processing request.-'bQ' : cause - Duplicate ticker id
2025-08-16 02:35:30,338 - INFO - 7536 - Subscribing contract 0,QQQ,OPT,20250818,0,C,100,SMART,,USD,,,False,,combo: ticker_id 25
2025-08-16 02:35:42,243 - INFO - 7536 - Subscribing contract 0,QQQ,OPT,20250818,0,P,100,SMART,,USD,,,False,,combo: ticker_id 26
2025-08-16 02:35:42,251 - INFO - 7536 - Subscribing contract 0,QQQ,OPT,20250818,0,C,100,SMART,,USD,,,False,,combo: ticker_id 27
2025-08-16 02:35:42,258 - INFO - 7536 - Subscribing contract 0,QQQ,OPT,20250818,0,P,100,SMART,,USD,,,False,,combo: ticker_id 28
2025-08-16 02:35:42,263 - INFO - 7536 - Subscribing contract 0,QQQ,OPT,20250818,0,C,100,SMART,,USD,,,False,,combo: ticker_id 29
2025-08-16 02:35:42,266 - INFO - 7536 - Subscribing contract 0,QQQ,OPT,20250818,0,P,100,SMART,,USD,,,False,,combo: ticker_id 30
2025-08-16 02:35:42,268 - INFO - 7536 - Subscribing contract 0,QQQ,OPT,20250818,0,C,100,SMART,,USD,,,False,,combo: ticker_id 31
2025-08-16 02:35:42,270 - INFO - 7536 - Subscribing contract 0,QQQ,OPT,20250818,0,P,100,SMART,,USD,,,False,,combo: ticker_id 32
2025-08-16 02:35:42,271 - INFO - 7536 - Subscribing contract 0,QQQ,OPT,20250818,541.0,C,100,SMART,,USD,,,False,,combo: ticker_id 33
2025-08-16 02:35:42,273 - INFO - 7536 - Subscribing contract 0,QQQ,OPT,20250818,541.0,P,100,SMART,,USD,,,False,,combo: ticker_id 34
2025-08-16 02:35:42,282 - INFO - 7536 - Subscribing contract 0,QQQ,OPT,20250818,0,C,100,SMART,,USD,,,False,,combo: ticker_id 35
2025-08-16 02:35:42,296 - INFO - 7536 - Subscribing contract 0,QQQ,OPT,20250818,0,P,100,SMART,,USD,,,False,,combo: ticker_id 36
2025-08-16 02:35:42,305 - INFO - 7536 - Subscribing contract 0,QQQ,OPT,20250818,0,C,100,SMART,,USD,,,False,,combo: ticker_id 37
2025-08-16 02:35:42,307 - INFO - 7536 - Subscribing contract 0,QQQ,OPT,20250818,0,P,100,SMART,,USD,,,False,,combo: ticker_id 38
2025-08-16 02:35:42,309 - INFO - 7536 - Subscribing contract 0,QQQ,OPT,20250818,0,C,100,SMART,,USD,,,False,,combo: ticker_id 39
2025-08-16 02:35:42,310 - INFO - 7536 - Subscribing contract 0,QQQ,OPT,20250818,0,P,100,SMART,,USD,,,False,,combo: ticker_id 40
2025-08-16 02:35:42,313 - INFO - 7536 - Subscribing contract 0,SPY,OPT,20250818,0,C,100,SMART,,USD,,,False,,combo: ticker_id 41
2025-08-16 02:35:42,314 - INFO - 7536 - Subscribing contract 0,SPY,OPT,20250818,0,P,100,SMART,,USD,,,False,,combo: ticker_id 42
2025-08-16 02:35:42,315 - INFO - 7536 - Subscribing contract 0,SPY,OPT,20250818,0,C,100,SMART,,USD,,,False,,combo: ticker_id 43
2025-08-16 02:35:42,316 - INFO - 7536 - Subscribing contract 0,SPY,OPT,20250818,0,P,100,SMART,,USD,,,False,,combo: ticker_id 44
2025-08-16 02:35:42,316 - INFO - 7536 - Subscribing contract 0,SPY,OPT,20250818,0,C,100,SMART,,USD,,,False,,combo: ticker_id 45
2025-08-16 02:35:42,319 - INFO - 7536 - Subscribing contract 0,SPY,OPT,20250818,0,P,100,SMART,,USD,,,False,,combo: ticker_id 46
2025-08-16 02:35:42,322 - INFO - 7536 - Subscribing contract 0,SPY,OPT,20250818,0,C,100,SMART,,USD,,,False,,combo: ticker_id 47
2025-08-16 02:35:42,323 - INFO - 7536 - Subscribing contract 0,SPY,OPT,20250818,0,P,100,SMART,,USD,,,False,,combo: ticker_id 48
2025-08-16 02:35:42,325 - INFO - 7536 - Subscribing contract 0,SPY,OPT,20250818,611.0,C,100,SMART,,USD,,,False,,combo: ticker_id 49
2025-08-16 02:35:42,326 - INFO - 7536 - Subscribing contract 0,SPY,OPT,20250818,611.0,P,100,SMART,,USD,,,False,,combo: ticker_id 50
2025-08-16 02:35:42,327 - INFO - 7536 - Subscribing contract 0,SPY,OPT,20250818,0,C,100,SMART,,USD,,,False,,combo: ticker_id 51
2025-08-16 02:35:42,328 - INFO - 7536 - Subscribing contract 0,SPY,OPT,20250818,0,P,100,SMART,,USD,,,False,,combo: ticker_id 52
2025-08-16 02:35:42,328 - INFO - 7536 - Subscribing contract 0,SPY,OPT,20250818,0,C,100,SMART,,USD,,,False,,combo: ticker_id 53
2025-08-16 02:35:42,329 - INFO - 7536 - Subscribing contract 0,SPY,OPT,20250818,0,P,100,SMART,,USD,,,False,,combo: ticker_id 54
2025-08-16 02:35:42,331 - INFO - 7536 - Subscribing contract 0,SPY,OPT,20250818,0,C,100,SMART,,USD,,,False,,combo: ticker_id 55
2025-08-16 02:35:42,333 - INFO - 7536 - Subscribing contract 0,SPY,OPT,20250818,0,P,100,SMART,,USD,,,False,,combo: ticker_id 56
2025-08-16 02:35:42,334 - INFO - 7536 - Subscribing contract 0,SPX,OPT,20250818,0,C,100,SMART,,USD,,,False,,combo: ticker_id 57
2025-08-16 02:35:42,336 - INFO - 7536 - Subscribing contract 0,SPX,OPT,20250818,0,P,100,SMART,,USD,,,False,,combo: ticker_id 58
2025-08-16 02:35:42,341 - INFO - 7536 - Subscribing contract 0,SPX,OPT,20250818,0,C,100,SMART,,USD,,,False,,combo: ticker_id 59
2025-08-16 02:35:42,344 - INFO - 7536 - Subscribing contract 0,SPX,OPT,20250818,0,P,100,SMART,,USD,,,False,,combo: ticker_id 60
2025-08-16 02:35:42,346 - INFO - 7536 - Subscribing contract 0,SPX,OPT,20250818,0,C,100,SMART,,USD,,,False,,combo: ticker_id 61
2025-08-16 02:35:42,347 - INFO - 7536 - Subscribing contract 0,SPX,OPT,20250818,0,P,100,SMART,,USD,,,False,,combo: ticker_id 62
2025-08-16 02:35:42,348 - INFO - 7536 - Subscribing contract 0,SPX,OPT,20250818,0,C,100,SMART,,USD,,,False,,combo: ticker_id 63
2025-08-16 02:35:42,349 - INFO - 7536 - Subscribing contract 0,SPX,OPT,20250818,0,P,100,SMART,,USD,,,False,,combo: ticker_id 64
2025-08-16 02:35:42,349 - INFO - 7536 - Subscribing contract 0,SPX,OPT,20250818,200.0,C,100,SMART,,USD,,,False,,combo: ticker_id 65
2025-08-16 02:35:42,350 - INFO - 7536 - Subscribing contract 0,SPX,OPT,20250818,200.0,P,100,SMART,,USD,,,False,,combo: ticker_id 66
2025-08-16 02:35:42,353 - INFO - 7536 - Subscribing contract 0,SPX,OPT,20250818,0,C,100,SMART,,USD,,,False,,combo: ticker_id 67
2025-08-16 02:35:42,355 - INFO - 7536 - Subscribing contract 0,SPX,OPT,20250818,0,P,100,SMART,,USD,,,False,,combo: ticker_id 68
2025-08-16 02:35:42,356 - INFO - 7536 - Subscribing contract 0,SPX,OPT,20250818,0,C,100,SMART,,USD,,,False,,combo: ticker_id 69
2025-08-16 02:35:42,356 - INFO - 7536 - Subscribing contract 0,SPX,OPT,20250818,0,P,100,SMART,,USD,,,False,,combo: ticker_id 70
2025-08-16 02:35:42,357 - INFO - 7536 - Subscribing contract 0,SPX,OPT,20250818,0,C,100,SMART,,USD,,,False,,combo: ticker_id 71
2025-08-16 02:35:42,359 - INFO - 7536 - Subscribing contract 0,SPX,OPT,20250818,0,P,100,SMART,,USD,,,False,,combo: ticker_id 72
2025-08-16 02:35:42,360 - INFO - 7536 - Fetching All strikes/Expiries List for all stocks. = ['QQQ', 'SPY', 'SPX']
2025-08-16 02:35:42,363 - INFO - 7536 - $$$$$$$$$$$$$$$$$$$$$$$$$$$$$$$$$$$$$$$$$$$$$$$$$$$$$$$$$$$$$$$$$$$$$$$$$$$$$$$$$$$$$$$$$$$$$$$$$$$
2025-08-16 02:35:42,364 - INFO - 7536 - $$$$$$$$$$$$$$$$$$$$$$$$$$$$$$$$$ synchronize positions from DB CHECK $$$$$$$$$$$$$$$$$$$$$$$$$$$$$$$$$
2025-08-16 02:35:42,365 - INFO - 7536 - $$$$$$$$$$$$$$$$$$$$$$$$$$$$$$$$$$$$$$$$$$$$$$$$$$$$$$$$$$$$$$$$$$$$$$$$$$$$$$$$$$$$$$$$$$$$$$$$$$$
2025-08-16 02:35:42,365 - INFO - 7536 - get BUY filled order
2025-08-16 02:35:42,366 - INFO - 7536 - Filled Order: OptionOrder(id=21920, conId=None, symbol='NVDA', expiration='20250815', strike=185.0, right='CALL', order_type='MKT', order_side='BUY', order_qty=1, order_price=1.81, order_status='filled', executed_qty=1, average_price=1.98, profit_price=2.22, stoploss_price=1.45, profit_trigger=0, current_profit_price=2.22, profit_increment=0.03, contract=None, exit_placed=0, exit_order=0, active=1, ref_order_id=None)
2025-08-16 02:35:42,367 - INFO - 7536 - $$$$$$$$$$$$$$$$$$$$$$$$$$$$$$$$$$$$$$$$$$$$$$$$$$$$$$$$$$$$$$$$$$$$$$$$$$$$$$$$$$$$$$$$$$$$$$$$$$$$$$$$$$$$$$$$$$$$$$$$$$$
2025-08-16 02:35:42,368 - INFO - 7536 - synchronize orders
2025-08-16 02:35:42,370 - INFO - 7536 - $$$$$$$$$$$$$$$$$$$$$$$$$$$$$$$$$$$$$$$$$$$$$$$$$$$$$$$$$$$$$$$$$$$$$$$$$$$$$$$$$$$$$$$$$$$$$$$$$$$$$$$$$$$$$$$$$$$$$$$$$$$
2025-08-16 02:35:42,373 - INFO - 32032 - Starting event processor #1
2025-08-16 02:35:42,375 - INFO - 28564 - Starting event processor #2
2025-08-16 02:35:42,388 - INFO - 23376 - Starting event processor #3
2025-08-16 02:35:42,412 - INFO - 18588 - Starting event processor #4
2025-08-16 02:35:43,459 - ERROR - 2732 - Id: 65, Code: 200, Msg: No security definition has been found for the request
2025-08-16 02:35:43,556 - ERROR - 2732 - Id: 66, Code: 200, Msg: No security definition has been found for the request
2025-08-16 02:37:30,685 - ERROR - 2732 - Id: 13, Code: 200, Msg: The contract description specified for QQQ is ambiguous.
2025-08-16 02:37:35,687 - ERROR - 2732 - Id: 14, Code: 200, Msg: The contract description specified for QQQ is ambiguous.
2025-08-16 02:37:40,690 - ERROR - 2732 - Id: 17, Code: 200, Msg: The contract description specified for SPY is ambiguous.
2025-08-16 02:37:45,691 - ERROR - 2732 - Id: 18, Code: 200, Msg: The contract description specified for SPY is ambiguous.
2025-08-16 02:37:50,778 - ERROR - 2732 - Id: 21, Code: 200, Msg: The contract description specified for SPX is ambiguous.
2025-08-16 02:37:55,691 - ERROR - 2732 - Id: 22, Code: 200, Msg: The contract description specified for SPX is ambiguous.
2025-08-16 02:38:00,707 - ERROR - 2732 - Id: 25, Code: 200, Msg: The contract description specified for QQQ is ambiguous.
2025-08-16 02:38:05,703 - ERROR - 2732 - Id: 26, Code: 200, Msg: The contract description specified for QQQ is ambiguous.
2025-08-16 02:38:10,703 - ERROR - 2732 - Id: 27, Code: 200, Msg: The contract description specified for QQQ is ambiguous.
2025-08-16 02:38:15,700 - ERROR - 2732 - Id: 28, Code: 200, Msg: The contract description specified for QQQ is ambiguous.
2025-08-16 02:38:20,705 - ERROR - 2732 - Id: 29, Code: 200, Msg: The contract description specified for QQQ is ambiguous.
2025-08-16 02:38:25,704 - ERROR - 2732 - Id: 30, Code: 200, Msg: The contract description specified for QQQ is ambiguous.
2025-08-16 02:38:30,708 - ERROR - 2732 - Id: 31, Code: 200, Msg: The contract description specified for QQQ is ambiguous.
2025-08-16 02:38:35,708 - ERROR - 2732 - Id: 32, Code: 200, Msg: The contract description specified for QQQ is ambiguous.
2025-08-16 02:38:40,709 - ERROR - 2732 - Id: 35, Code: 200, Msg: The contract description specified for QQQ is ambiguous.
2025-08-16 02:38:45,712 - ERROR - 2732 - Id: 36, Code: 200, Msg: The contract description specified for QQQ is ambiguous.
2025-08-16 02:38:50,711 - ERROR - 2732 - Id: 37, Code: 200, Msg: The contract description specified for QQQ is ambiguous.
2025-08-16 02:38:55,713 - ERROR - 2732 - Id: 38, Code: 200, Msg: The contract description specified for QQQ is ambiguous.
2025-08-16 02:39:00,722 - ERROR - 2732 - Id: 39, Code: 200, Msg: The contract description specified for QQQ is ambiguous.
